Archive member included to satisfy reference by file (symbol)

C:/ST/STM32CubeIDE_1.17.0/STM32CubeIDE/plugins/com.st.stm32cube.ide.mcu.externaltools.gnu-tools-for-stm32.13.3.rel1.win32_1.0.0.202411081344/tools/bin/../lib/gcc/arm-none-eabi/13.3.1/../../../../arm-none-eabi/lib/thumb/v7e-m+fp/hard\libc_nano.a(libc_a-exit.o)
                              C:/ST/STM32CubeIDE_1.17.0/STM32CubeIDE/plugins/com.st.stm32cube.ide.mcu.externaltools.gnu-tools-for-stm32.13.3.rel1.win32_1.0.0.202411081344/tools/bin/../lib/gcc/arm-none-eabi/13.3.1/../../../../arm-none-eabi/lib/thumb/v7e-m+fp/hard/crt0.o (exit)
C:/ST/STM32CubeIDE_1.17.0/STM32CubeIDE/plugins/com.st.stm32cube.ide.mcu.externaltools.gnu-tools-for-stm32.13.3.rel1.win32_1.0.0.202411081344/tools/bin/../lib/gcc/arm-none-eabi/13.3.1/../../../../arm-none-eabi/lib/thumb/v7e-m+fp/hard\libc_nano.a(libc_a-malloc.o)
                              ./Core/Src/uart_handler.o (malloc)
C:/ST/STM32CubeIDE_1.17.0/STM32CubeIDE/plugins/com.st.stm32cube.ide.mcu.externaltools.gnu-tools-for-stm32.13.3.rel1.win32_1.0.0.202411081344/tools/bin/../lib/gcc/arm-none-eabi/13.3.1/../../../../arm-none-eabi/lib/thumb/v7e-m+fp/hard\libc_nano.a(libc_a-mallocr.o)
                              C:/ST/STM32CubeIDE_1.17.0/STM32CubeIDE/plugins/com.st.stm32cube.ide.mcu.externaltools.gnu-tools-for-stm32.13.3.rel1.win32_1.0.0.202411081344/tools/bin/../lib/gcc/arm-none-eabi/13.3.1/../../../../arm-none-eabi/lib/thumb/v7e-m+fp/hard\libc_nano.a(libc_a-malloc.o) (_malloc_r)
C:/ST/STM32CubeIDE_1.17.0/STM32CubeIDE/plugins/com.st.stm32cube.ide.mcu.externaltools.gnu-tools-for-stm32.13.3.rel1.win32_1.0.0.202411081344/tools/bin/../lib/gcc/arm-none-eabi/13.3.1/../../../../arm-none-eabi/lib/thumb/v7e-m+fp/hard\libc_nano.a(libc_a-mlock.o)
                              C:/ST/STM32CubeIDE_1.17.0/STM32CubeIDE/plugins/com.st.stm32cube.ide.mcu.externaltools.gnu-tools-for-stm32.13.3.rel1.win32_1.0.0.202411081344/tools/bin/../lib/gcc/arm-none-eabi/13.3.1/../../../../arm-none-eabi/lib/thumb/v7e-m+fp/hard\libc_nano.a(libc_a-mallocr.o) (__malloc_lock)
C:/ST/STM32CubeIDE_1.17.0/STM32CubeIDE/plugins/com.st.stm32cube.ide.mcu.externaltools.gnu-tools-for-stm32.13.3.rel1.win32_1.0.0.202411081344/tools/bin/../lib/gcc/arm-none-eabi/13.3.1/../../../../arm-none-eabi/lib/thumb/v7e-m+fp/hard\libc_nano.a(libc_a-findfp.o)
                              C:/ST/STM32CubeIDE_1.17.0/STM32CubeIDE/plugins/com.st.stm32cube.ide.mcu.externaltools.gnu-tools-for-stm32.13.3.rel1.win32_1.0.0.202411081344/tools/bin/../lib/gcc/arm-none-eabi/13.3.1/../../../../arm-none-eabi/lib/thumb/v7e-m+fp/hard\libc_nano.a(libc_a-exit.o) (__stdio_exit_handler)
C:/ST/STM32CubeIDE_1.17.0/STM32CubeIDE/plugins/com.st.stm32cube.ide.mcu.externaltools.gnu-tools-for-stm32.13.3.rel1.win32_1.0.0.202411081344/tools/bin/../lib/gcc/arm-none-eabi/13.3.1/../../../../arm-none-eabi/lib/thumb/v7e-m+fp/hard\libc_nano.a(libc_a-fwalk.o)
                              C:/ST/STM32CubeIDE_1.17.0/STM32CubeIDE/plugins/com.st.stm32cube.ide.mcu.externaltools.gnu-tools-for-stm32.13.3.rel1.win32_1.0.0.202411081344/tools/bin/../lib/gcc/arm-none-eabi/13.3.1/../../../../arm-none-eabi/lib/thumb/v7e-m+fp/hard\libc_nano.a(libc_a-findfp.o) (_fwalk_sglue)
C:/ST/STM32CubeIDE_1.17.0/STM32CubeIDE/plugins/com.st.stm32cube.ide.mcu.externaltools.gnu-tools-for-stm32.13.3.rel1.win32_1.0.0.202411081344/tools/bin/../lib/gcc/arm-none-eabi/13.3.1/../../../../arm-none-eabi/lib/thumb/v7e-m+fp/hard\libc_nano.a(libc_a-printf.o)
                              ./Middlewares/ST/STM32_WPAN/utilities/dbg_trace.o (printf)
C:/ST/STM32CubeIDE_1.17.0/STM32CubeIDE/plugins/com.st.stm32cube.ide.mcu.externaltools.gnu-tools-for-stm32.13.3.rel1.win32_1.0.0.202411081344/tools/bin/../lib/gcc/arm-none-eabi/13.3.1/../../../../arm-none-eabi/lib/thumb/v7e-m+fp/hard\libc_nano.a(libc_a-stdio.o)
                              C:/ST/STM32CubeIDE_1.17.0/STM32CubeIDE/plugins/com.st.stm32cube.ide.mcu.externaltools.gnu-tools-for-stm32.13.3.rel1.win32_1.0.0.202411081344/tools/bin/../lib/gcc/arm-none-eabi/13.3.1/../../../../arm-none-eabi/lib/thumb/v7e-m+fp/hard\libc_nano.a(libc_a-findfp.o) (__sread)
C:/ST/STM32CubeIDE_1.17.0/STM32CubeIDE/plugins/com.st.stm32cube.ide.mcu.externaltools.gnu-tools-for-stm32.13.3.rel1.win32_1.0.0.202411081344/tools/bin/../lib/gcc/arm-none-eabi/13.3.1/../../../../arm-none-eabi/lib/thumb/v7e-m+fp/hard\libc_nano.a(libc_a-vprintf.o)
                              ./Middlewares/ST/STM32_WPAN/utilities/dbg_trace.o (vprintf)
C:/ST/STM32CubeIDE_1.17.0/STM32CubeIDE/plugins/com.st.stm32cube.ide.mcu.externaltools.gnu-tools-for-stm32.13.3.rel1.win32_1.0.0.202411081344/tools/bin/../lib/gcc/arm-none-eabi/13.3.1/../../../../arm-none-eabi/lib/thumb/v7e-m+fp/hard\libc_nano.a(libc_a-memcmp.o)
                              ./Middlewares/ST/STM32_WPAN/ble/core/template/osal.o (memcmp)
[...]
Memory Configuration

Name             Origin             Length             Attributes
FLASH            0x08000000         0x00080000         xr
RAM              0x20000008         0x0002fff8         xrw
RAM_SHARED       0x20030000         0x00002800         xrw
*default*        0x00000000         0xffffffff

Linker script and memory map

LOAD C:/ST/STM32CubeIDE_1.17.0/STM32CubeIDE/plugins/com.st.stm32cube.ide.mcu.externaltools.gnu-tools-for-stm32.13.3.rel1.win32_1.0.0.202411081344/tools/bin/../lib/gcc/arm-none-eabi/13.3.1/thumb/v7e-m+fp/hard/crti.o
LOAD C:/ST/STM32CubeIDE_1.17.0/STM32CubeIDE/plugins/com.st.stm32cube.ide.mcu.externaltools.gnu-tools-for-stm32.13.3.rel1.win32_1.0.0.202411081344/tools/bin/../lib/gcc/arm-none-eabi/13.3.1/thumb/v7e-m+fp/hard/crtbegin.o
LOAD C:/ST/STM32CubeIDE_1.17.0/STM32CubeIDE/plugins/com.st.stm32cube.ide.mcu.externaltools.gnu-tools-for-stm32.13.3.rel1.win32_1.0.0.202411081344/tools/bin/../lib/gcc/arm-none-eabi/13.3.1/../../../../arm-none-eabi/lib/thumb/v7e-m+fp/hard/crt0.o
LOAD ./Core/Src/app_debug.o
LOAD ./Core/Src/app_entry.o
LOAD ./Core/Src/hw_timerserver.o
LOAD ./Core/Src/main.o
LOAD ./Core/Src/stm32_lpm_if.o
LOAD ./Core/Src/stm32wbxx_hal_msp.o
LOAD ./Core/Src/stm32wbxx_it.o
LOAD ./Core/Src/syscalls.o
LOAD ./Core/Src/sysmem.o
LOAD ./Core/Src/system_stm32wbxx.o
LOAD ./Core/Src/uart_handler.o
LOAD ./Core/Startup/startup_stm32wb5mmghx.o
LOAD ./Drivers/STM32WBxx_HAL_Driver/Src/stm32wbxx_hal.o
LOAD ./Drivers/STM32WBxx_HAL_Driver/Src/stm32wbxx_hal_cortex.o
LOAD ./Drivers/STM32WBxx_HAL_Driver/Src/stm32wbxx_hal_dma.o
LOAD ./Drivers/STM32WBxx_HAL_Driver/Src/stm32wbxx_hal_dma_ex.o
LOAD ./Drivers/STM32WBxx_HAL_Driver/Src/stm32wbxx_hal_exti.o
LOAD ./Drivers/STM32WBxx_HAL_Driver/Src/stm32wbxx_hal_flash.o
LOAD ./Drivers/STM32WBxx_HAL_Driver/Src/stm32wbxx_hal_flash_ex.o
LOAD ./Drivers/STM32WBxx_HAL_Driver/Src/stm32wbxx_hal_gpio.o
LOAD ./Drivers/STM32WBxx_HAL_Driver/Src/stm32wbxx_hal_hsem.o
LOAD ./Drivers/STM32WBxx_HAL_Driver/Src/stm32wbxx_hal_ipcc.o
LOAD ./Drivers/STM32WBxx_HAL_Driver/Src/stm32wbxx_hal_pwr.o
LOAD ./Drivers/STM32WBxx_HAL_Driver/Src/stm32wbxx_hal_pwr_ex.o
LOAD ./Drivers/STM32WBxx_HAL_Driver/Src/stm32wbxx_hal_rcc.o
LOAD ./Drivers/STM32WBxx_HAL_Driver/Src/stm32wbxx_hal_rcc_ex.o
LOAD ./Drivers/STM32WBxx_HAL_Driver/Src/stm32wbxx_hal_rtc.o
LOAD ./Drivers/STM32WBxx_HAL_Driver/Src/stm32wbxx_hal_rtc_ex.o
LOAD ./Drivers/STM32WBxx_HAL_Driver/Src/stm32wbxx_hal_uart.o
LOAD ./Drivers/STM32WBxx_HAL_Driver/Src/stm32wbxx_hal_uart_ex.o
LOAD ./Drivers/STM32WBxx_HAL_Driver/Src/stm32wbxx_ll_rcc.o
LOAD ./Middlewares/ST/STM32_WPAN/ble/core/auto/ble_events.o
LOAD ./Middlewares/ST/STM32_WPAN/ble/core/auto/ble_gap_aci.o
LOAD ./Middlewares/ST/STM32_WPAN/ble/core/auto/ble_gatt_aci.o
LOAD ./Middlewares/ST/STM32_WPAN/ble/core/auto/ble_hal_aci.o
LOAD ./Middlewares/ST/STM32_WPAN/ble/core/auto/ble_hci_le.o
LOAD ./Middlewares/ST/STM32_WPAN/ble/core/auto/ble_l2cap_aci.o
LOAD ./Middlewares/ST/STM32_WPAN/ble/core/template/osal.o
LOAD ./Middlewares/ST/STM32_WPAN/ble/svc/Src/svc_ctl.o
LOAD ./Middlewares/ST/STM32_WPAN/interface/patterns/ble_thread/shci/shci.o
LOAD ./Middlewares/ST/STM32_WPAN/interface/patterns/ble_thread/tl/hci_tl.o
LOAD ./Middlewares/ST/STM32_WPAN/interface/patterns/ble_thread/tl/hci_tl_if.o
LOAD ./Middlewares/ST/STM32_WPAN/interface/patterns/ble_thread/tl/shci_tl.o
LOAD ./Middlewares/ST/STM32_WPAN/interface/patterns/ble_thread/tl/shci_tl_if.o
LOAD ./Middlewares/ST/STM32_WPAN/interface/patterns/ble_thread/tl/tl_mbox.o
LOAD ./Middlewares/ST/STM32_WPAN/utilities/dbg_trace.o
LOAD ./Middlewares/ST/STM32_WPAN/utilities/otp.o
LOAD ./Middlewares/ST/STM32_WPAN/utilities/stm_list.o
LOAD ./Middlewares/ST/STM32_WPAN/utilities/stm_queue.o
LOAD ./STM32_WPAN/App/app_ble.o
LOAD ./STM32_WPAN/App/ble_custom_utils.o
LOAD ./STM32_WPAN/App/ble_hm_data.o
LOAD ./STM32_WPAN/App/custom_app.o
LOAD ./STM32_WPAN/App/custom_stm.o
LOAD ./STM32_WPAN/App/data_handler.o
LOAD ./STM32_WPAN/Target/hw_ipcc.o
LOAD ./Utilities/lpm/tiny_lpm/stm32_lpm.o
LOAD ./Utilities/sequencer/stm32_seq.o
START GROUP
LOAD C:/ST/STM32CubeIDE_1.17.0/STM32CubeIDE/plugins/com.st.stm32cube.ide.mcu.externaltools.gnu-tools-for-stm32.13.3.rel1.win32_1.0.0.202411081344/tools/bin/../lib/gcc/arm-none-eabi/13.3.1/../../../../arm-none-eabi/lib/thumb/v7e-m+fp/hard\libc_nano.a
LOAD C:/ST/STM32CubeIDE_1.17.0/STM32CubeIDE/plugins/com.st.stm32cube.ide.mcu.externaltools.gnu-tools-for-stm32.13.3.rel1.win32_1.0.0.202411081344/tools/bin/../lib/gcc/arm-none-eabi/13.3.1/../../../../arm-none-eabi/lib/thumb/v7e-m+fp/hard\libm.a
END GROUP
START GROUP
LOAD C:/ST/STM32CubeIDE_1.17.0/STM32CubeIDE/plugins/com.st.stm32cube.ide.mcu.externaltools.gnu-tools-for-stm32.13.3.rel1.win32_1.0.0.202411081344/tools/bin/../lib/gcc/arm-none-eabi/13.3.1/thumb/v7e-m+fp/hard\libgcc.a
LOAD C:/ST/STM32CubeIDE_1.17.0/STM32CubeIDE/plugins/com.st.stm32cube.ide.mcu.externaltools.gnu-tools-for-stm32.13.3.rel1.win32_1.0.0.202411081344/tools/bin/../lib/gcc/arm-none-eabi/13.3.1/../../../../arm-none-eabi/lib/thumb/v7e-m+fp/hard\libc_nano.a
END GROUP
START GROUP
LOAD C:/ST/STM32CubeIDE_1.17.0/STM32CubeIDE/plugins/com.st.stm32cube.ide.mcu.externaltools.gnu-tools-for-stm32.13.3.rel1.win32_1.0.0.202411081344/tools/bin/../lib/gcc/arm-none-eabi/13.3.1/thumb/v7e-m+fp/hard\libgcc.a
LOAD C:/ST/STM32CubeIDE_1.17.0/STM32CubeIDE/plugins/com.st.stm32cube.ide.mcu.externaltools.gnu-tools-for-stm32.13.3.rel1.win32_1.0.0.202411081344/tools/bin/../lib/gcc/arm-none-eabi/13.3.1/../../../../arm-none-eabi/lib/thumb/v7e-m+fp/hard\libc_nano.a
LOAD C:/ST/STM32CubeIDE_1.17.0/STM32CubeIDE/plugins/com.st.stm32cube.ide.mcu.externaltools.gnu-tools-for-stm32.13.3.rel1.win32_1.0.0.202411081344/tools/bin/../lib/gcc/arm-none-eabi/13.3.1/../../../../arm-none-eabi/lib/thumb/v7e-m+fp/hard\libnosys.a
END GROUP
START GROUP
LOAD C:/ST/STM32CubeIDE_1.17.0/STM32CubeIDE/plugins/com.st.stm32cube.ide.mcu.externaltools.gnu-tools-for-stm32.13.3.rel1.win32_1.0.0.202411081344/tools/bin/../lib/gcc/arm-none-eabi/13.3.1/thumb/v7e-m+fp/hard\libgcc.a
LOAD C:/ST/STM32CubeIDE_1.17.0/STM32CubeIDE/plugins/com.st.stm32cube.ide.mcu.externaltools.gnu-tools-for-stm32.13.3.rel1.win32_1.0.0.202411081344/tools/bin/../lib/gcc/arm-none-eabi/13.3.1/../../../../arm-none-eabi/lib/thumb/v7e-m+fp/hard\libc_nano.a
LOAD C:/ST/STM32CubeIDE_1.17.0/STM32CubeIDE/plugins/com.st.stm32cube.ide.mcu.externaltools.gnu-tools-for-stm32.13.3.rel1.win32_1.0.0.202411081344/tools/bin/../lib/gcc/arm-none-eabi/13.3.1/../../../../arm-none-eabi/lib/thumb/v7e-m+fp/hard\libnosys.a
END GROUP
LOAD C:/ST/STM32CubeIDE_1.17.0/STM32CubeIDE/plugins/com.st.stm32cube.ide.mcu.externaltools.gnu-tools-for-stm32.13.3.rel1.win32_1.0.0.202411081344/tools/bin/../lib/gcc/arm-none-eabi/13.3.1/thumb/v7e-m+fp/hard/crtend.o
LOAD C:/ST/STM32CubeIDE_1.17.0/STM32CubeIDE/plugins/com.st.stm32cube.ide.mcu.externaltools.gnu-tools-for-stm32.13.3.rel1.win32_1.0.0.202411081344/tools/bin/../lib/gcc/arm-none-eabi/13.3.1/thumb/v7e-m+fp/hard/crtn.o
                0x20030000                        _estack = (ORIGIN (RAM) + LENGTH (RAM))
                0x00000200                        _Min_Heap_Size = 0x200
                0x00000400                        _Min_Stack_Size = 0x400

.isr_vector     0x08000000      0x13c
                0x08000000                        . = ALIGN (0x4)
 *(.isr_vector)
 .isr_vector    0x08000000      0x13c ./Core/Startup/startup_stm32wb5mmghx.o
                0x08000000                g_pfnVectors
                0x0800013c                        . = ALIGN (0x4)

.text           0x0800013c     0xab00
                0x0800013c                        . = ALIGN (0x4)
 *(.text)
 .text          0x0800013c       0x40 C:/ST/STM32CubeIDE_1.17.0/STM32CubeIDE/plugins/com.st.stm32cube.ide.mcu.externaltools.gnu-tools-for-stm32.13.3.rel1.win32_1.0.0.202411081344/tools/bin/../lib/gcc/arm-none-eabi/13.3.1/thumb/v7e-m+fp/hard/crtbegin.o
 .text          0x0800017c       0x10 C:/ST/STM32CubeIDE_1.17.0/STM32CubeIDE/plugins/com.st.stm32cube.ide.mcu.externaltools.gnu-tools-for-stm32.13.3.rel1.win32_1.0.0.202411081344/tools/bin/../lib/gcc/arm-none-eabi/13.3.1/../../../../arm-none-eabi/lib/thumb/v7e-m+fp/hard\libc_nano.a(libc_a-strlen.o)
                0x0800017c                strlen
 .text          0x0800018c       0x30 C:/ST/STM32CubeIDE_1.17.0/STM32CubeIDE/plugins/com.st.stm32cube.ide.mcu.externaltools.gnu-tools-for-stm32.13.3.rel1.win32_1.0.0.202411081344/tools/bin/../lib/gcc/arm-none-eabi/13.3.1/thumb/v7e-m+fp/hard\libgcc.a(_aeabi_uldivmod.o)
                0x0800018c                __aeabi_uldivmod
 .text          0x080001bc      0x2f8 C:/ST/STM32CubeIDE_1.17.0/STM32CubeIDE/plugins/com.st.stm32cube.ide.mcu.externaltools.gnu-tools-for-stm32.13.3.rel1.win32_1.0.0.202411081344/tools/bin/../lib/gcc/arm-none-eabi/13.3.1/thumb/v7e-m+fp/hard\libgcc.a(_udivmoddi4.o)
                0x080001bc                __udivmoddi4
 .text          0x080004b4        0x4 C:/ST/STM32CubeIDE_1.17.0/STM32CubeIDE/plugins/com.st.stm32cube.ide.mcu.externaltools.gnu-tools-for-stm32.13.3.rel1.win32_1.0.0.202411081344/tools/bin/../lib/gcc/arm-none-eabi/13.3.1/thumb/v7e-m+fp/hard\libgcc.a(_dvmd_tls.o)
                0x080004b4                __aeabi_idiv0
                0x080004b4                __aeabi_ldiv0
 *(.text*)
 .text.APPD_EnableCPU2
                0x080004b8       0x38 ./Core/Src/app_debug.o
                0x080004b8                APPD_EnableCPU2
 .text.LL_C2_PWR_SetPowerMode
                0x080004f0       0x2c ./Core/Src/app_entry.o
 .text.LL_EXTI_EnableIT_32_63
                0x0800051c       0x28 ./Core/Src/app_entry.o
 .text.LL_RCC_HSE_SetCapacitorTuning
                0x08000544       0x3c ./Core/Src/app_entry.o
 .text.LL_RCC_SetClkAfterWakeFromStop
                0x08000580       0x28 ./Core/Src/app_entry.o
 .text.LL_DBGMCU_GetDeviceID
                0x080005a8       0x1c ./Core/Src/app_entry.o
 .text.LL_DBGMCU_GetRevisionID
                0x080005c4       0x1c ./Core/Src/app_entry.o
 .text.LL_RTC_EnableWriteProtection
                0x080005e0       0x1a ./Core/Src/app_entry.o
 .text.LL_RTC_DisableWriteProtection
                0x080005fa       0x20 ./Core/Src/app_entry.o
 .text.LL_RTC_WAKEUP_SetClock
                0x0800061a       0x26 ./Core/Src/app_entry.o
 .text.MX_APPE_Config
                0x08000640       0x1c ./Core/Src/app_entry.o
                0x08000640                MX_APPE_Config
 .text.MX_APPE_Init
                0x0800065c       0x20 ./Core/Src/app_entry.o
                0x0800065c                MX_APPE_Init
 .text.Init_Smps
                0x0800067c        0xe ./Core/Src/app_entry.o
                0x0800067c                Init_Smps
 .text.Init_Exti
                0x0800068a        0xe ./Core/Src/app_entry.o
                0x0800068a                Init_Exti
 .text.Reset_Device
                0x08000698        0xe ./Core/Src/app_entry.o
 .text.Config_HSE
                0x080006a6       0x28 ./Core/Src/app_entry.o
 .text.System_Init
                0x080006ce       0x14 ./Core/Src/app_entry.o
 *fill*         0x080006e2        0x2 
 .text.Init_Rtc
                0x080006e4       0x20 ./Core/Src/app_entry.o
 .text.SystemPower_Config
                0x08000704       0x1a ./Core/Src/app_entry.o
 *fill*         0x0800071e        0x2 
 .text.appe_Tl_Init
                0x08000720       0x6c ./Core/Src/app_entry.o
 .text.APPE_SysStatusNot
                0x0800078c       0x16 ./Core/Src/app_entry.o
 *fill*         0x080007a2        0x2 
 .text.APPE_SysUserEvtRx
                0x080007a4       0x68 ./Core/Src/app_entry.o
 .text.APPE_SysEvtError
                0x0800080c       0x22 ./Core/Src/app_entry.o
 .text.APPE_SysEvtReadyProcessing
                0x0800082e       0x88 ./Core/Src/app_entry.o
 .text.MX_APPE_Process
                0x080008b6       0x10 ./Core/Src/app_entry.o
                0x080008b6                MX_APPE_Process
 .text.UTIL_SEQ_Idle
                0x080008c6        0xe ./Core/Src/app_entry.o
                0x080008c6                UTIL_SEQ_Idle
 .text.shci_notify_asynch_evt
                0x080008d4       0x18 ./Core/Src/app_entry.o
                0x080008d4                shci_notify_asynch_evt
 .text.shci_cmd_resp_release
                0x080008ec       0x16 ./Core/Src/app_entry.o
                0x080008ec                shci_cmd_resp_release
 .text.shci_cmd_resp_wait
                0x08000902       0x16 ./Core/Src/app_entry.o
                0x08000902                shci_cmd_resp_wait
 .text.LL_EXTI_EnableIT_0_31
                0x08000918       0x28 ./Core/Src/hw_timerserver.o
 .text.LL_EXTI_EnableRisingTrig_0_31
                0x08000940       0x24 ./Core/Src/hw_timerserver.o
 .text.ReadRtcSsrValue
                0x08000964       0x40 ./Core/Src/hw_timerserver.o
 .text.LinkTimerAfter
                0x080009a4       0x8c ./Core/Src/hw_timerserver.o
 .text.LinkTimerBefore
                0x08000a30       0xc0 ./Core/Src/hw_timerserver.o
 .text.linkTimer
                0x08000af0      0x154 ./Core/Src/hw_timerserver.o
 .text.UnlinkTimer
                0x08000c44      0x108 ./Core/Src/hw_timerserver.o
 .text.ReturnTimeElapsed
                0x08000d4c       0x80 ./Core/Src/hw_timerserver.o
 .text.RestartWakeupCounter
                0x08000dcc       0xb0 ./Core/Src/hw_timerserver.o
 .text.RescheduleTimerList
                0x08000e7c      0x134 ./Core/Src/hw_timerserver.o
 .text.HW_TS_RTC_Wakeup_Handler
                0x08000fb0      0x190 ./Core/Src/hw_timerserver.o
                0x08000fb0                HW_TS_RTC_Wakeup_Handler
 .text.HW_TS_Init
                0x08001140      0x1b4 ./Core/Src/hw_timerserver.o
                0x08001140                HW_TS_Init
 .text.HW_TS_Stop
                0x080012f4      0x108 ./Core/Src/hw_timerserver.o
                0x080012f4                HW_TS_Stop
 .text.HW_TS_Start
                0x080013fc      0x10c ./Core/Src/hw_timerserver.o
                0x080013fc                HW_TS_Start
 .text.HW_TS_RTC_Int_AppNot
                0x08001508       0x1a ./Core/Src/hw_timerserver.o
                0x08001508                HW_TS_RTC_Int_AppNot
 .text.LL_RCC_LSE_SetDriveCapability
                0x08001522       0x2c ./Core/Src/main.o
 .text.LL_AHB2_GRP1_EnableClock
                0x0800154e       0x32 ./Core/Src/main.o
 .text.main     0x08001580       0x40 ./Core/Src/main.o
                0x08001580                main
 .text.SystemClock_Config
                0x080015c0       0xe4 ./Core/Src/main.o
                0x080015c0                SystemClock_Config
 .text.PeriphCommonClock_Config
                0x080016a4       0x40 ./Core/Src/main.o
                0x080016a4                PeriphCommonClock_Config
 .text.MX_IPCC_Init
                0x080016e4       0x28 ./Core/Src/main.o
 .text.MX_LPUART1_UART_Init
                0x0800170c       0x98 ./Core/Src/main.o
 .text.MX_RF_Init
                0x080017a4        0xe ./Core/Src/main.o
 *fill*         0x080017b2        0x2 
 .text.MX_RTC_Init
                0x080017b4       0x68 ./Core/Src/main.o
 .text.MX_GPIO_Init
                0x0800181c        0xe ./Core/Src/main.o
 .text.Error_Handler
                0x0800182a        0xc ./Core/Src/main.o
                0x0800182a                Error_Handler
 .text.LL_RCC_EnableRTC
                0x08001836       0x22 ./Core/Src/stm32wbxx_hal_msp.o
 .text.LL_AHB2_GRP1_EnableClock
                0x08001858       0x32 ./Core/Src/stm32wbxx_hal_msp.o
 .text.LL_AHB3_GRP1_EnableClock
                0x0800188a       0x32 ./Core/Src/stm32wbxx_hal_msp.o
 .text.LL_APB1_GRP1_EnableClock
                0x080018bc       0x32 ./Core/Src/stm32wbxx_hal_msp.o
 .text.LL_APB1_GRP2_EnableClock
                0x080018ee       0x32 ./Core/Src/stm32wbxx_hal_msp.o
 .text.HAL_MspInit
                0x08001920       0x30 ./Core/Src/stm32wbxx_hal_msp.o
                0x08001920                HAL_MspInit
 .text.HAL_IPCC_MspInit
                0x08001950       0x48 ./Core/Src/stm32wbxx_hal_msp.o
                0x08001950                HAL_IPCC_MspInit
 .text.HAL_UART_MspInit
                0x08001998       0x98 ./Core/Src/stm32wbxx_hal_msp.o
                0x08001998                HAL_UART_MspInit
 .text.HAL_RTC_MspInit
                0x08001a30       0x68 ./Core/Src/stm32wbxx_hal_msp.o
                0x08001a30                HAL_RTC_MspInit
 .text.NMI_Handler
                0x08001a98        0x8 ./Core/Src/stm32wbxx_it.o
                0x08001a98                NMI_Handler
 .text.HardFault_Handler
                0x08001aa0        0x8 ./Core/Src/stm32wbxx_it.o
                0x08001aa0                HardFault_Handler
 .text.MemManage_Handler
                0x08001aa8        0x8 ./Core/Src/stm32wbxx_it.o
                0x08001aa8                MemManage_Handler
 .text.BusFault_Handler
                0x08001ab0        0x8 ./Core/Src/stm32wbxx_it.o
                0x08001ab0                BusFault_Handler
 .text.UsageFault_Handler
                0x08001ab8        0x8 ./Core/Src/stm32wbxx_it.o
                0x08001ab8                UsageFault_Handler
 .text.SVC_Handler
                0x08001ac0        0xe ./Core/Src/stm32wbxx_it.o
                0x08001ac0                SVC_Handler
 .text.DebugMon_Handler
                0x08001ace        0xe ./Core/Src/stm32wbxx_it.o
                0x08001ace                DebugMon_Handler
 .text.PendSV_Handler
                0x08001adc        0xe ./Core/Src/stm32wbxx_it.o
                0x08001adc                PendSV_Handler
 .text.SysTick_Handler
                0x08001aea        0xc ./Core/Src/stm32wbxx_it.o
                0x08001aea                SysTick_Handler
 .text.RTC_WKUP_IRQHandler
                0x08001af6        0xc ./Core/Src/stm32wbxx_it.o
                0x08001af6                RTC_WKUP_IRQHandler
 .text.RCC_IRQHandler
                0x08001b02        0xe ./Core/Src/stm32wbxx_it.o
                0x08001b02                RCC_IRQHandler
 .text.LPUART1_IRQHandler
                0x08001b10       0x14 ./Core/Src/stm32wbxx_it.o
                0x08001b10                LPUART1_IRQHandler
 .text.IPCC_C1_RX_IRQHandler
                0x08001b24        0xc ./Core/Src/stm32wbxx_it.o
                0x08001b24                IPCC_C1_RX_IRQHandler
 .text.IPCC_C1_TX_IRQHandler
                0x08001b30        0xc ./Core/Src/stm32wbxx_it.o
                0x08001b30                IPCC_C1_TX_IRQHandler
 .text.HSEM_IRQHandler
                0x08001b3c        0xc ./Core/Src/stm32wbxx_it.o
                0x08001b3c                HSEM_IRQHandler
 .text._sbrk    0x08001b48       0x6c ./Core/Src/sysmem.o
                0x08001b48                _sbrk
 .text.SystemInit
                0x08001bb4       0xa4 ./Core/Src/system_stm32wbxx.o
                0x08001bb4                SystemInit
 .text.HAL_UARTEx_RxEventCallback
                0x08001c58       0x50 ./Core/Src/uart_handler.o
                0x08001c58                HAL_UARTEx_RxEventCallback
 .text.Calculate_CRC
                0x08001ca8       0x4a ./Core/Src/uart_handler.o
 *fill*         0x08001cf2        0x2 
 .text.uart_handler_Process_Received_pck
                0x08001cf4       0x64 ./Core/Src/uart_handler.o
 .text.uart_handler_Send_Cmd
                0x08001d58       0xb8 ./Core/Src/uart_handler.o
 .text.uart_handler_Init
                0x08001e10       0xbc ./Core/Src/uart_handler.o
                0x08001e10                uart_handler_Init
 .text.uart_handler_get
                0x08001ecc       0x18 ./Core/Src/uart_handler.o
                0x08001ecc                uart_handler_get
 .text.data_initializers
                0x08001ee4       0x18 ./Core/Startup/startup_stm32wb5mmghx.o
 .text.Reset_Handler
                0x08001efc       0x58 ./Core/Startup/startup_stm32wb5mmghx.o
                0x08001efc                Reset_Handler
 .text.Default_Handler
                0x08001f54        0x2 ./Core/Startup/startup_stm32wb5mmghx.o
                0x08001f54                RTC_Alarm_IRQHandler
                0x08001f54                EXTI2_IRQHandler
                0x08001f54                TIM1_CC_IRQHandler
                0x08001f54                TSC_IRQHandler
                0x08001f54                USB_HP_IRQHandler
                0x08001f54                EXTI3_IRQHandler
                0x08001f54                LPTIM2_IRQHandler
                0x08001f54                I2C3_ER_IRQHandler
                0x08001f54                EXTI0_IRQHandler
                0x08001f54                FPU_IRQHandler
                0x08001f54                TIM1_UP_TIM16_IRQHandler
                0x08001f54                AES1_IRQHandler
                0x08001f54                SPI1_IRQHandler
                0x08001f54                PWR_SOTF_BLEACT_802ACT_RFPHASE_IRQHandler
                0x08001f54                DMA2_Channel2_IRQHandler
                0x08001f54                DMA1_Channel4_IRQHandler
                0x08001f54                ADC1_IRQHandler
                0x08001f54                PKA_IRQHandler
                0x08001f54                DMA1_Channel7_IRQHandler
                0x08001f54                LCD_IRQHandler
                0x08001f54                DMA2_Channel1_IRQHandler
                0x08001f54                QUADSPI_IRQHandler
                0x08001f54                I2C1_EV_IRQHandler
                0x08001f54                DMAMUX1_OVR_IRQHandler
                0x08001f54                DMA1_Channel6_IRQHandler
                0x08001f54                DMA2_Channel4_IRQHandler
                0x08001f54                DMA1_Channel1_IRQHandler
                0x08001f54                Default_Handler
                0x08001f54                DMA2_Channel7_IRQHandler
                0x08001f54                EXTI15_10_IRQHandler
                0x08001f54                C2SEV_PWR_C2H_IRQHandler
                0x08001f54                AES2_IRQHandler
                0x08001f54                I2C3_EV_IRQHandler
                0x08001f54                EXTI9_5_IRQHandler
                0x08001f54                PVD_PVM_IRQHandler
                0x08001f54                SPI2_IRQHandler
                0x08001f54                DMA2_Channel5_IRQHandler
                0x08001f54                CRS_IRQHandler
                0x08001f54                DMA1_Channel5_IRQHandler
                0x08001f54                USB_LP_IRQHandler
                0x08001f54                EXTI4_IRQHandler
                0x08001f54                RNG_IRQHandler
                0x08001f54                TIM1_TRG_COM_TIM17_IRQHandler
                0x08001f54                TAMP_STAMP_LSECSS_IRQHandler
                0x08001f54                DMA1_Channel3_IRQHandler
                0x08001f54                COMP_IRQHandler
                0x08001f54                WWDG_IRQHandler
                0x08001f54                DMA2_Channel6_IRQHandler
                0x08001f54                TIM2_IRQHandler
                0x08001f54                TIM1_BRK_IRQHandler
                0x08001f54                EXTI1_IRQHandler
                0x08001f54                DMA1_Channel2_IRQHandler
                0x08001f54                FLASH_IRQHandler
                0x08001f54                USART1_IRQHandler
                0x08001f54                I2C1_ER_IRQHandler
                0x08001f54                LPTIM1_IRQHandler
                0x08001f54                SAI1_IRQHandler
                0x08001f54                DMA2_Channel3_IRQHandler
 *fill*         0x08001f56        0x2 
 .text.HAL_Init
                0x08001f58       0x40 ./Drivers/STM32WBxx_HAL_Driver/Src/stm32wbxx_hal.o
                0x08001f58                HAL_Init
 .text.HAL_InitTick
                0x08001f98       0x74 ./Drivers/STM32WBxx_HAL_Driver/Src/stm32wbxx_hal.o
                0x08001f98                HAL_InitTick
 .text.HAL_IncTick
                0x0800200c       0x28 ./Drivers/STM32WBxx_HAL_Driver/Src/stm32wbxx_hal.o
                0x0800200c                HAL_IncTick
 .text.HAL_GetTick
                0x08002034       0x18 ./Drivers/STM32WBxx_HAL_Driver/Src/stm32wbxx_hal.o
                0x08002034                HAL_GetTick
 .text.HAL_GetTickPrio
                0x0800204c       0x18 ./Drivers/STM32WBxx_HAL_Driver/Src/stm32wbxx_hal.o
                0x0800204c                HAL_GetTickPrio
 .text.__NVIC_SetPriorityGrouping
                0x08002064       0x48 ./Drivers/STM32WBxx_HAL_Driver/Src/stm32wbxx_hal_cortex.o
 .text.__NVIC_GetPriorityGrouping
                0x080020ac       0x1c ./Drivers/STM32WBxx_HAL_Driver/Src/stm32wbxx_hal_cortex.o
 .text.__NVIC_EnableIRQ
                0x080020c8       0x3c ./Drivers/STM32WBxx_HAL_Driver/Src/stm32wbxx_hal_cortex.o
 .text.__NVIC_DisableIRQ
                0x08002104       0x48 ./Drivers/STM32WBxx_HAL_Driver/Src/stm32wbxx_hal_cortex.o
 .text.__NVIC_SetPendingIRQ
                0x0800214c       0x3c ./Drivers/STM32WBxx_HAL_Driver/Src/stm32wbxx_hal_cortex.o
 .text.__NVIC_ClearPendingIRQ
                0x08002188       0x3c ./Drivers/STM32WBxx_HAL_Driver/Src/stm32wbxx_hal_cortex.o
 .text.__NVIC_SetPriority
                0x080021c4       0x54 ./Drivers/STM32WBxx_HAL_Driver/Src/stm32wbxx_hal_cortex.o
 .text.NVIC_EncodePriority
                0x08002218       0x66 ./Drivers/STM32WBxx_HAL_Driver/Src/stm32wbxx_hal_cortex.o
 *fill*         0x0800227e        0x2 
 .text.SysTick_Config
                0x08002280       0x44 ./Drivers/STM32WBxx_HAL_Driver/Src/stm32wbxx_hal_cortex.o
 .text.HAL_NVIC_SetPriorityGrouping
                0x080022c4       0x16 ./Drivers/STM32WBxx_HAL_Driver/Src/stm32wbxx_hal_cortex.o
                0x080022c4                HAL_NVIC_SetPriorityGrouping
 .text.HAL_NVIC_SetPriority
                0x080022da       0x34 ./Drivers/STM32WBxx_HAL_Driver/Src/stm32wbxx_hal_cortex.o
                0x080022da                HAL_NVIC_SetPriority
 .text.HAL_NVIC_EnableIRQ
                0x0800230e       0x1c ./Drivers/STM32WBxx_HAL_Driver/Src/stm32wbxx_hal_cortex.o
                0x0800230e                HAL_NVIC_EnableIRQ
 .text.HAL_NVIC_DisableIRQ
                0x0800232a       0x1c ./Drivers/STM32WBxx_HAL_Driver/Src/stm32wbxx_hal_cortex.o
                0x0800232a                HAL_NVIC_DisableIRQ
 .text.HAL_SYSTICK_Config
                0x08002346       0x18 ./Drivers/STM32WBxx_HAL_Driver/Src/stm32wbxx_hal_cortex.o
                0x08002346                HAL_SYSTICK_Config
 .text.HAL_NVIC_SetPendingIRQ
                0x0800235e       0x1c ./Drivers/STM32WBxx_HAL_Driver/Src/stm32wbxx_hal_cortex.o
                0x0800235e                HAL_NVIC_SetPendingIRQ
 .text.HAL_NVIC_ClearPendingIRQ
                0x0800237a       0x1c ./Drivers/STM32WBxx_HAL_Driver/Src/stm32wbxx_hal_cortex.o
                0x0800237a                HAL_NVIC_ClearPendingIRQ
 .text.HAL_DMA_Abort
                0x08002396       0xbe ./Drivers/STM32WBxx_HAL_Driver/Src/stm32wbxx_hal_dma.o
                0x08002396                HAL_DMA_Abort
 .text.HAL_DMA_Abort_IT
                0x08002454       0xbe ./Drivers/STM32WBxx_HAL_Driver/Src/stm32wbxx_hal_dma.o
                0x08002454                HAL_DMA_Abort_IT
 *fill*         0x08002512        0x2 
 .text.HAL_GPIO_Init
                0x08002514      0x2e0 ./Drivers/STM32WBxx_HAL_Driver/Src/stm32wbxx_hal_gpio.o
                0x08002514                HAL_GPIO_Init
 .text.HAL_HSEM_IRQHandler
                0x080027f4       0x34 ./Drivers/STM32WBxx_HAL_Driver/Src/stm32wbxx_hal_hsem.o
                0x080027f4                HAL_HSEM_IRQHandler
 .text.HAL_HSEM_FreeCallback
                0x08002828       0x14 ./Drivers/STM32WBxx_HAL_Driver/Src/stm32wbxx_hal_hsem.o
                0x08002828                HAL_HSEM_FreeCallback
 .text.HAL_IPCC_Init
                0x0800283c       0x64 ./Drivers/STM32WBxx_HAL_Driver/Src/stm32wbxx_hal_ipcc.o
                0x0800283c                HAL_IPCC_Init
 .text.HAL_IPCC_RxCallback
                0x080028a0       0x1a ./Drivers/STM32WBxx_HAL_Driver/Src/stm32wbxx_hal_ipcc.o
                0x080028a0                HAL_IPCC_RxCallback
 .text.HAL_IPCC_TxCallback
                0x080028ba       0x1a ./Drivers/STM32WBxx_HAL_Driver/Src/stm32wbxx_hal_ipcc.o
                0x080028ba                HAL_IPCC_TxCallback
 .text.IPCC_SetDefaultCallbacks
                0x080028d4       0x4c ./Drivers/STM32WBxx_HAL_Driver/Src/stm32wbxx_hal_ipcc.o
                0x080028d4                IPCC_SetDefaultCallbacks
 .text.IPCC_Reset_Register
                0x08002920       0x28 ./Drivers/STM32WBxx_HAL_Driver/Src/stm32wbxx_hal_ipcc.o
                0x08002920                IPCC_Reset_Register
 .text.HAL_PWR_EnableBkUpAccess
                0x08002948       0x20 ./Drivers/STM32WBxx_HAL_Driver/Src/stm32wbxx_hal_pwr.o
                0x08002948                HAL_PWR_EnableBkUpAccess
 .text.HAL_PWREx_GetVoltageRange
                0x08002968       0x1c ./Drivers/STM32WBxx_HAL_Driver/Src/stm32wbxx_hal_pwr_ex.o
                0x08002968                HAL_PWREx_GetVoltageRange
 .text.LL_RCC_HSE_IsEnabledDiv2
                0x08002984       0x24 ./Drivers/STM32WBxx_HAL_Driver/Src/stm32wbxx_hal_rcc.o
 .text.LL_RCC_HSE_Enable
                0x080029a8       0x1e ./Drivers/STM32WBxx_HAL_Driver/Src/stm32wbxx_hal_rcc.o
 .text.LL_RCC_HSE_Disable
                0x080029c6       0x1e ./Drivers/STM32WBxx_HAL_Driver/Src/stm32wbxx_hal_rcc.o
 .text.LL_RCC_HSE_IsReady
                0x080029e4       0x24 ./Drivers/STM32WBxx_HAL_Driver/Src/stm32wbxx_hal_rcc.o
 .text.LL_RCC_HSI_Enable
                0x08002a08       0x1e ./Drivers/STM32WBxx_HAL_Driver/Src/stm32wbxx_hal_rcc.o
 .text.LL_RCC_HSI_Disable
                0x08002a26       0x1e ./Drivers/STM32WBxx_HAL_Driver/Src/stm32wbxx_hal_rcc.o
 .text.LL_RCC_HSI_IsReady
                0x08002a44       0x24 ./Drivers/STM32WBxx_HAL_Driver/Src/stm32wbxx_hal_rcc.o
 .text.LL_RCC_HSI_SetCalibTrimming
                0x08002a68       0x2a ./Drivers/STM32WBxx_HAL_Driver/Src/stm32wbxx_hal_rcc.o
 .text.LL_RCC_HSI48_Enable
                0x08002a92       0x22 ./Drivers/STM32WBxx_HAL_Driver/Src/stm32wbxx_hal_rcc.o
 .text.LL_RCC_HSI48_Disable
                0x08002ab4       0x22 ./Drivers/STM32WBxx_HAL_Driver/Src/stm32wbxx_hal_rcc.o
 .text.LL_RCC_HSI48_IsReady
                0x08002ad6       0x24 ./Drivers/STM32WBxx_HAL_Driver/Src/stm32wbxx_hal_rcc.o
 .text.LL_RCC_LSE_Enable
                0x08002afa       0x22 ./Drivers/STM32WBxx_HAL_Driver/Src/stm32wbxx_hal_rcc.o
 .text.LL_RCC_LSE_Disable
                0x08002b1c       0x22 ./Drivers/STM32WBxx_HAL_Driver/Src/stm32wbxx_hal_rcc.o
 .text.LL_RCC_LSE_EnableBypass
                0x08002b3e       0x22 ./Drivers/STM32WBxx_HAL_Driver/Src/stm32wbxx_hal_rcc.o
 .text.LL_RCC_LSE_DisableBypass
                0x08002b60       0x22 ./Drivers/STM32WBxx_HAL_Driver/Src/stm32wbxx_hal_rcc.o
 .text.LL_RCC_LSE_IsReady
                0x08002b82       0x24 ./Drivers/STM32WBxx_HAL_Driver/Src/stm32wbxx_hal_rcc.o
 .text.LL_RCC_LSI1_Enable
                0x08002ba6       0x22 ./Drivers/STM32WBxx_HAL_Driver/Src/stm32wbxx_hal_rcc.o
 .text.LL_RCC_LSI1_Disable
                0x08002bc8       0x22 ./Drivers/STM32WBxx_HAL_Driver/Src/stm32wbxx_hal_rcc.o
 .text.LL_RCC_LSI1_IsReady
                0x08002bea       0x24 ./Drivers/STM32WBxx_HAL_Driver/Src/stm32wbxx_hal_rcc.o
 .text.LL_RCC_LSI2_Enable
                0x08002c0e       0x22 ./Drivers/STM32WBxx_HAL_Driver/Src/stm32wbxx_hal_rcc.o
 .text.LL_RCC_LSI2_Disable
                0x08002c30       0x22 ./Drivers/STM32WBxx_HAL_Driver/Src/stm32wbxx_hal_rcc.o
 .text.LL_RCC_LSI2_IsReady
                0x08002c52       0x24 ./Drivers/STM32WBxx_HAL_Driver/Src/stm32wbxx_hal_rcc.o
 .text.LL_RCC_LSI2_SetTrimming
                0x08002c76       0x2e ./Drivers/STM32WBxx_HAL_Driver/Src/stm32wbxx_hal_rcc.o
 .text.LL_RCC_MSI_Enable
                0x08002ca4       0x1e ./Drivers/STM32WBxx_HAL_Driver/Src/stm32wbxx_hal_rcc.o
 .text.LL_RCC_MSI_Disable
                0x08002cc2       0x1e ./Drivers/STM32WBxx_HAL_Driver/Src/stm32wbxx_hal_rcc.o
 .text.LL_RCC_MSI_IsReady
                0x08002ce0       0x22 ./Drivers/STM32WBxx_HAL_Driver/Src/stm32wbxx_hal_rcc.o
 .text.LL_RCC_MSI_SetRange
                0x08002d02       0x28 ./Drivers/STM32WBxx_HAL_Driver/Src/stm32wbxx_hal_rcc.o
 .text.LL_RCC_MSI_GetRange
                0x08002d2a       0x2a ./Drivers/STM32WBxx_HAL_Driver/Src/stm32wbxx_hal_rcc.o
 .text.LL_RCC_MSI_SetCalibTrimming
                0x08002d54       0x2a ./Drivers/STM32WBxx_HAL_Driver/Src/stm32wbxx_hal_rcc.o
 .text.LL_RCC_SetSysClkSource
                0x08002d7e       0x28 ./Drivers/STM32WBxx_HAL_Driver/Src/stm32wbxx_hal_rcc.o
 .text.LL_RCC_GetSysClkSource
                0x08002da6       0x18 ./Drivers/STM32WBxx_HAL_Driver/Src/stm32wbxx_hal_rcc.o
 .text.LL_RCC_SetAHBPrescaler
                0x08002dbe       0x28 ./Drivers/STM32WBxx_HAL_Driver/Src/stm32wbxx_hal_rcc.o
 .text.LL_C2_RCC_SetAHBPrescaler
                0x08002de6       0x2c ./Drivers/STM32WBxx_HAL_Driver/Src/stm32wbxx_hal_rcc.o
 .text.LL_RCC_SetAHB4Prescaler
                0x08002e12       0x2e ./Drivers/STM32WBxx_HAL_Driver/Src/stm32wbxx_hal_rcc.o
 .text.LL_RCC_SetAPB1Prescaler
                0x08002e40       0x28 ./Drivers/STM32WBxx_HAL_Driver/Src/stm32wbxx_hal_rcc.o
 .text.LL_RCC_SetAPB2Prescaler
                0x08002e68       0x28 ./Drivers/STM32WBxx_HAL_Driver/Src/stm32wbxx_hal_rcc.o
 .text.LL_RCC_GetAHBPrescaler
                0x08002e90       0x18 ./Drivers/STM32WBxx_HAL_Driver/Src/stm32wbxx_hal_rcc.o
 .text.LL_RCC_GetAHB4Prescaler
                0x08002ea8       0x1c ./Drivers/STM32WBxx_HAL_Driver/Src/stm32wbxx_hal_rcc.o
 .text.LL_RCC_GetAPB1Prescaler
                0x08002ec4       0x18 ./Drivers/STM32WBxx_HAL_Driver/Src/stm32wbxx_hal_rcc.o
 .text.LL_RCC_GetAPB2Prescaler
                0x08002edc       0x18 ./Drivers/STM32WBxx_HAL_Driver/Src/stm32wbxx_hal_rcc.o
 .text.LL_RCC_PLL_Enable
                0x08002ef4       0x1e ./Drivers/STM32WBxx_HAL_Driver/Src/stm32wbxx_hal_rcc.o
 .text.LL_RCC_PLL_Disable
                0x08002f12       0x1e ./Drivers/STM32WBxx_HAL_Driver/Src/stm32wbxx_hal_rcc.o
 .text.LL_RCC_PLL_IsReady
                0x08002f30       0x24 ./Drivers/STM32WBxx_HAL_Driver/Src/stm32wbxx_hal_rcc.o
 .text.LL_RCC_PLL_GetN
                0x08002f54       0x1a ./Drivers/STM32WBxx_HAL_Driver/Src/stm32wbxx_hal_rcc.o
 .text.LL_RCC_PLL_GetR
                0x08002f6e       0x18 ./Drivers/STM32WBxx_HAL_Driver/Src/stm32wbxx_hal_rcc.o
 .text.LL_RCC_PLL_GetDivider
                0x08002f86       0x18 ./Drivers/STM32WBxx_HAL_Driver/Src/stm32wbxx_hal_rcc.o
 .text.LL_RCC_PLL_GetMainSource
                0x08002f9e       0x18 ./Drivers/STM32WBxx_HAL_Driver/Src/stm32wbxx_hal_rcc.o
 .text.LL_RCC_IsActiveFlag_HPRE
                0x08002fb6       0x24 ./Drivers/STM32WBxx_HAL_Driver/Src/stm32wbxx_hal_rcc.o
 .text.LL_RCC_IsActiveFlag_C2HPRE
                0x08002fda       0x26 ./Drivers/STM32WBxx_HAL_Driver/Src/stm32wbxx_hal_rcc.o
 .text.LL_RCC_IsActiveFlag_SHDHPRE
                0x08003000       0x26 ./Drivers/STM32WBxx_HAL_Driver/Src/stm32wbxx_hal_rcc.o
 .text.LL_RCC_IsActiveFlag_PPRE1
                0x08003026       0x24 ./Drivers/STM32WBxx_HAL_Driver/Src/stm32wbxx_hal_rcc.o
 .text.LL_RCC_IsActiveFlag_PPRE2
                0x0800304a       0x24 ./Drivers/STM32WBxx_HAL_Driver/Src/stm32wbxx_hal_rcc.o
 *fill*         0x0800306e        0x2 
 .text.HAL_RCC_OscConfig
                0x08003070      0x6e8 ./Drivers/STM32WBxx_HAL_Driver/Src/stm32wbxx_hal_rcc.o
                0x08003070                HAL_RCC_OscConfig
 .text.HAL_RCC_ClockConfig
                0x08003758      0x280 ./Drivers/STM32WBxx_HAL_Driver/Src/stm32wbxx_hal_rcc.o
                0x08003758                HAL_RCC_ClockConfig
 .text.HAL_RCC_GetSysClockFreq
                0x080039d8       0xd8 ./Drivers/STM32WBxx_HAL_Driver/Src/stm32wbxx_hal_rcc.o
                0x080039d8                HAL_RCC_GetSysClockFreq
 .text.HAL_RCC_GetHCLKFreq
                0x08003ab0       0x28 ./Drivers/STM32WBxx_HAL_Driver/Src/stm32wbxx_hal_rcc.o
                0x08003ab0                HAL_RCC_GetHCLKFreq
 .text.HAL_RCC_GetPCLK1Freq
                0x08003ad8       0x2c ./Drivers/STM32WBxx_HAL_Driver/Src/stm32wbxx_hal_rcc.o
                0x08003ad8                HAL_RCC_GetPCLK1Freq
 .text.HAL_RCC_GetPCLK2Freq
                0x08003b04       0x2c ./Drivers/STM32WBxx_HAL_Driver/Src/stm32wbxx_hal_rcc.o
                0x08003b04                HAL_RCC_GetPCLK2Freq
 .text.RCC_SetFlashLatencyFromMSIRange
                0x08003b30       0x70 ./Drivers/STM32WBxx_HAL_Driver/Src/stm32wbxx_hal_rcc.o
 .text.RCC_SetFlashLatency
                0x08003ba0       0xf8 ./Drivers/STM32WBxx_HAL_Driver/Src/stm32wbxx_hal_rcc.o
 .text.LL_RCC_LSE_IsEnabled
                0x08003c98       0x24 ./Drivers/STM32WBxx_HAL_Driver/Src/stm32wbxx_hal_rcc_ex.o
 .text.LL_RCC_LSE_IsReady
                0x08003cbc       0x24 ./Drivers/STM32WBxx_HAL_Driver/Src/stm32wbxx_hal_rcc_ex.o
 .text.LL_RCC_SetRFWKPClockSource
                0x08003ce0       0x2c ./Drivers/STM32WBxx_HAL_Driver/Src/stm32wbxx_hal_rcc_ex.o
 .text.LL_RCC_SetSMPSClockSource
                0x08003d0c       0x28 ./Drivers/STM32WBxx_HAL_Driver/Src/stm32wbxx_hal_rcc_ex.o
 .text.LL_RCC_SetSMPSPrescaler
                0x08003d34       0x28 ./Drivers/STM32WBxx_HAL_Driver/Src/stm32wbxx_hal_rcc_ex.o
 .text.LL_RCC_SetUSARTClockSource
                0x08003d5c       0x2c ./Drivers/STM32WBxx_HAL_Driver/Src/stm32wbxx_hal_rcc_ex.o
 .text.LL_RCC_SetLPUARTClockSource
                0x08003d88       0x2c ./Drivers/STM32WBxx_HAL_Driver/Src/stm32wbxx_hal_rcc_ex.o
 .text.LL_RCC_SetI2CClockSource
                0x08003db4       0x3a ./Drivers/STM32WBxx_HAL_Driver/Src/stm32wbxx_hal_rcc_ex.o
 .text.LL_RCC_SetLPTIMClockSource
                0x08003dee       0x34 ./Drivers/STM32WBxx_HAL_Driver/Src/stm32wbxx_hal_rcc_ex.o
 .text.LL_RCC_SetSAIClockSource
                0x08003e22       0x2c ./Drivers/STM32WBxx_HAL_Driver/Src/stm32wbxx_hal_rcc_ex.o
 .text.LL_RCC_SetRNGClockSource
                0x08003e4e       0x2c ./Drivers/STM32WBxx_HAL_Driver/Src/stm32wbxx_hal_rcc_ex.o
 .text.LL_RCC_SetCLK48ClockSource
                0x08003e7a       0x2c ./Drivers/STM32WBxx_HAL_Driver/Src/stm32wbxx_hal_rcc_ex.o
 .text.LL_RCC_SetUSBClockSource
                0x08003ea6       0x16 ./Drivers/STM32WBxx_HAL_Driver/Src/stm32wbxx_hal_rcc_ex.o
 .text.LL_RCC_SetADCClockSource
                0x08003ebc       0x2c ./Drivers/STM32WBxx_HAL_Driver/Src/stm32wbxx_hal_rcc_ex.o
 .text.LL_RCC_SetRTCClockSource
                0x08003ee8       0x2c ./Drivers/STM32WBxx_HAL_Driver/Src/stm32wbxx_hal_rcc_ex.o
 .text.LL_RCC_GetRTCClockSource
                0x08003f14       0x1a ./Drivers/STM32WBxx_HAL_Driver/Src/stm32wbxx_hal_rcc_ex.o
 .text.LL_RCC_ForceBackupDomainReset
                0x08003f2e       0x22 ./Drivers/STM32WBxx_HAL_Driver/Src/stm32wbxx_hal_rcc_ex.o
 .text.LL_RCC_ReleaseBackupDomainReset
                0x08003f50       0x22 ./Drivers/STM32WBxx_HAL_Driver/Src/stm32wbxx_hal_rcc_ex.o
 .text.LL_RCC_PLLSAI1_Enable
                0x08003f72       0x1e ./Drivers/STM32WBxx_HAL_Driver/Src/stm32wbxx_hal_rcc_ex.o
 .text.LL_RCC_PLLSAI1_Disable
                0x08003f90       0x1e ./Drivers/STM32WBxx_HAL_Driver/Src/stm32wbxx_hal_rcc_ex.o
 .text.LL_RCC_PLLSAI1_IsReady
                0x08003fae       0x24 ./Drivers/STM32WBxx_HAL_Driver/Src/stm32wbxx_hal_rcc_ex.o
 .text.HAL_RCCEx_PeriphCLKConfig
                0x08003fd2      0x2ec ./Drivers/STM32WBxx_HAL_Driver/Src/stm32wbxx_hal_rcc_ex.o
                0x08003fd2                HAL_RCCEx_PeriphCLKConfig
 .text.RCCEx_PLLSAI1_ConfigNP
                0x080042be       0xb6 ./Drivers/STM32WBxx_HAL_Driver/Src/stm32wbxx_hal_rcc_ex.o
 .text.RCCEx_PLLSAI1_ConfigNQ
                0x08004374       0xb6 ./Drivers/STM32WBxx_HAL_Driver/Src/stm32wbxx_hal_rcc_ex.o
 .text.RCCEx_PLLSAI1_ConfigNR
                0x0800442a       0xb6 ./Drivers/STM32WBxx_HAL_Driver/Src/stm32wbxx_hal_rcc_ex.o
 .text.HAL_RTC_Init
                0x080044e0      0x114 ./Drivers/STM32WBxx_HAL_Driver/Src/stm32wbxx_hal_rtc.o
                0x080044e0                HAL_RTC_Init
 .text.HAL_RTC_WaitForSynchro
                0x080045f4       0x4c ./Drivers/STM32WBxx_HAL_Driver/Src/stm32wbxx_hal_rtc.o
                0x080045f4                HAL_RTC_WaitForSynchro
 .text.RTC_EnterInitMode
                0x08004640       0x70 ./Drivers/STM32WBxx_HAL_Driver/Src/stm32wbxx_hal_rtc.o
                0x08004640                RTC_EnterInitMode
 .text.RTC_ExitInitMode
                0x080046b0       0x4c ./Drivers/STM32WBxx_HAL_Driver/Src/stm32wbxx_hal_rtc.o
                0x080046b0                RTC_ExitInitMode
 .text.HAL_RTCEx_SetWakeUpTimer_IT
                0x080046fc      0x198 ./Drivers/STM32WBxx_HAL_Driver/Src/stm32wbxx_hal_rtc_ex.o
                0x080046fc                HAL_RTCEx_SetWakeUpTimer_IT
 .text.LL_RCC_GetUSARTClockSource
                0x08004894       0x20 ./Drivers/STM32WBxx_HAL_Driver/Src/stm32wbxx_hal_uart.o
 .text.LL_RCC_GetLPUARTClockSource
                0x080048b4       0x20 ./Drivers/STM32WBxx_HAL_Driver/Src/stm32wbxx_hal_uart.o
 .text.HAL_UART_Init
                0x080048d4       0xa0 ./Drivers/STM32WBxx_HAL_Driver/Src/stm32wbxx_hal_uart.o
                0x080048d4                HAL_UART_Init
 .text.HAL_UART_Transmit
                0x08004974      0x11c ./Drivers/STM32WBxx_HAL_Driver/Src/stm32wbxx_hal_uart.o
                0x08004974                HAL_UART_Transmit
 .text.HAL_UART_IRQHandler
                0x08004a90      0x684 ./Drivers/STM32WBxx_HAL_Driver/Src/stm32wbxx_hal_uart.o
                0x08004a90                HAL_UART_IRQHandler
 .text.HAL_UART_TxCpltCallback
                0x08005114       0x14 ./Drivers/STM32WBxx_HAL_Driver/Src/stm32wbxx_hal_uart.o
                0x08005114                HAL_UART_TxCpltCallback
 .text.HAL_UART_RxCpltCallback
                0x08005128       0x14 ./Drivers/STM32WBxx_HAL_Driver/Src/stm32wbxx_hal_uart.o
                0x08005128                HAL_UART_RxCpltCallback
 .text.HAL_UART_ErrorCallback
                0x0800513c       0x14 ./Drivers/STM32WBxx_HAL_Driver/Src/stm32wbxx_hal_uart.o
                0x0800513c                HAL_UART_ErrorCallback
 .text.UART_SetConfig
                0x08005150      0x450 ./Drivers/STM32WBxx_HAL_Driver/Src/stm32wbxx_hal_uart.o
                0x08005150                UART_SetConfig
 .text.UART_AdvFeatureConfig
                0x080055a0      0x144 ./Drivers/STM32WBxx_HAL_Driver/Src/stm32wbxx_hal_uart.o
                0x080055a0                UART_AdvFeatureConfig
 .text.UART_CheckIdleState
                0x080056e4      0x154 ./Drivers/STM32WBxx_HAL_Driver/Src/stm32wbxx_hal_uart.o
                0x080056e4                UART_CheckIdleState
 .text.UART_WaitOnFlagUntilTimeout
                0x08005838       0xda ./Drivers/STM32WBxx_HAL_Driver/Src/stm32wbxx_hal_uart.o
                0x08005838                UART_WaitOnFlagUntilTimeout
 *fill*         0x08005912        0x2 
 .text.UART_Start_Receive_IT
                0x08005914      0x244 ./Drivers/STM32WBxx_HAL_Driver/Src/stm32wbxx_hal_uart.o
                0x08005914                UART_Start_Receive_IT
 .text.UART_EndRxTransfer
                0x08005b58       0xcc ./Drivers/STM32WBxx_HAL_Driver/Src/stm32wbxx_hal_uart.o
 .text.UART_DMAAbortOnError
                0x08005c24       0x24 ./Drivers/STM32WBxx_HAL_Driver/Src/stm32wbxx_hal_uart.o
 .text.UART_EndTransmit_IT
                0x08005c48       0x56 ./Drivers/STM32WBxx_HAL_Driver/Src/stm32wbxx_hal_uart.o
 *fill*         0x08005c9e        0x2 
 .text.UART_RxISR_8BIT
                0x08005ca0      0x1b8 ./Drivers/STM32WBxx_HAL_Driver/Src/stm32wbxx_hal_uart.o
 .text.UART_RxISR_16BIT
                0x08005e58      0x1b8 ./Drivers/STM32WBxx_HAL_Driver/Src/stm32wbxx_hal_uart.o
 .text.UART_RxISR_8BIT_FIFOEN
                0x08006010      0x364 ./Drivers/STM32WBxx_HAL_Driver/Src/stm32wbxx_hal_uart.o
 .text.UART_RxISR_16BIT_FIFOEN
                0x08006374      0x36c ./Drivers/STM32WBxx_HAL_Driver/Src/stm32wbxx_hal_uart.o
 .text.HAL_UARTEx_WakeupCallback
                0x080066e0       0x14 ./Drivers/STM32WBxx_HAL_Driver/Src/stm32wbxx_hal_uart_ex.o
                0x080066e0                HAL_UARTEx_WakeupCallback
 .text.HAL_UARTEx_RxFifoFullCallback
                0x080066f4       0x14 ./Drivers/STM32WBxx_HAL_Driver/Src/stm32wbxx_hal_uart_ex.o
                0x080066f4                HAL_UARTEx_RxFifoFullCallback
 .text.HAL_UARTEx_TxFifoEmptyCallback
                0x08006708       0x14 ./Drivers/STM32WBxx_HAL_Driver/Src/stm32wbxx_hal_uart_ex.o
                0x08006708                HAL_UARTEx_TxFifoEmptyCallback
 .text.HAL_UARTEx_DisableFifoMode
                0x0800671c       0x72 ./Drivers/STM32WBxx_HAL_Driver/Src/stm32wbxx_hal_uart_ex.o
                0x0800671c                HAL_UARTEx_DisableFifoMode
 .text.HAL_UARTEx_SetTxFifoThreshold
                0x0800678e       0x7c ./Drivers/STM32WBxx_HAL_Driver/Src/stm32wbxx_hal_uart_ex.o
                0x0800678e                HAL_UARTEx_SetTxFifoThreshold
 .text.HAL_UARTEx_SetRxFifoThreshold
                0x0800680a       0x7c ./Drivers/STM32WBxx_HAL_Driver/Src/stm32wbxx_hal_uart_ex.o
                0x0800680a                HAL_UARTEx_SetRxFifoThreshold
 .text.HAL_UARTEx_ReceiveToIdle_IT
                0x08006886       0xa0 ./Drivers/STM32WBxx_HAL_Driver/Src/stm32wbxx_hal_uart_ex.o
                0x08006886                HAL_UARTEx_ReceiveToIdle_IT
 *fill*         0x08006926        0x2 
 .text.UARTEx_SetNbDataToProcess
                0x08006928       0x9c ./Drivers/STM32WBxx_HAL_Driver/Src/stm32wbxx_hal_uart_ex.o
 .text.aci_gap_set_non_discoverable
                0x080069c4       0x48 ./Middlewares/ST/STM32_WPAN/ble/core/auto/ble_gap_aci.o
                0x080069c4                aci_gap_set_non_discoverable
 .text.aci_gap_set_discoverable
                0x08006a0c      0x1f4 ./Middlewares/ST/STM32_WPAN/ble/core/auto/ble_gap_aci.o
                0x08006a0c                aci_gap_set_discoverable
 .text.aci_gap_set_io_capability
                0x08006c00       0xa8 ./Middlewares/ST/STM32_WPAN/ble/core/auto/ble_gap_aci.o
                0x08006c00                aci_gap_set_io_capability
 .text.aci_gap_set_authentication_requirement
                0x08006ca8      0x188 ./Middlewares/ST/STM32_WPAN/ble/core/auto/ble_gap_aci.o
                0x08006ca8                aci_gap_set_authentication_requirement
 .text.aci_gap_pass_key_resp
                0x08006e30       0xce ./Middlewares/ST/STM32_WPAN/ble/core/auto/ble_gap_aci.o
                0x08006e30                aci_gap_pass_key_resp
 .text.aci_gap_init
                0x08006efe      0x15a ./Middlewares/ST/STM32_WPAN/ble/core/auto/ble_gap_aci.o
                0x08006efe                aci_gap_init
 .text.aci_gap_update_adv_data
                0x08007058       0xe4 ./Middlewares/ST/STM32_WPAN/ble/core/auto/ble_gap_aci.o
                0x08007058                aci_gap_update_adv_data
 .text.aci_gap_configure_filter_accept_list
                0x0800713c       0x48 ./Middlewares/ST/STM32_WPAN/ble/core/auto/ble_gap_aci.o
                0x0800713c                aci_gap_configure_filter_accept_list
 .text.aci_gap_numeric_comparison_value_confirm_yesno
                0x08007184       0xce ./Middlewares/ST/STM32_WPAN/ble/core/auto/ble_gap_aci.o
                0x08007184                aci_gap_numeric_comparison_value_confirm_yesno
 .text.aci_gatt_init
                0x08007252       0x4a ./Middlewares/ST/STM32_WPAN/ble/core/auto/ble_gatt_aci.o
                0x08007252                aci_gatt_init
 .text.aci_gatt_add_service
                0x0800729c      0x1ac ./Middlewares/ST/STM32_WPAN/ble/core/auto/ble_gatt_aci.o
                0x0800729c                aci_gatt_add_service
 .text.aci_gatt_add_char
                0x08007448      0x210 ./Middlewares/ST/STM32_WPAN/ble/core/auto/ble_gatt_aci.o
                0x08007448                aci_gatt_add_char
 .text.aci_gatt_update_char_value
                0x08007658      0x152 ./Middlewares/ST/STM32_WPAN/ble/core/auto/ble_gatt_aci.o
                0x08007658                aci_gatt_update_char_value
 .text.aci_gatt_confirm_indication
                0x080077aa       0xaa ./Middlewares/ST/STM32_WPAN/ble/core/auto/ble_gatt_aci.o
                0x080077aa                aci_gatt_confirm_indication
 .text.aci_hal_write_config_data
                0x08007854      0x10a ./Middlewares/ST/STM32_WPAN/ble/core/auto/ble_hal_aci.o
                0x08007854                aci_hal_write_config_data
 .text.aci_hal_set_tx_power_level
                0x0800795e       0xce ./Middlewares/ST/STM32_WPAN/ble/core/auto/ble_hal_aci.o
                0x0800795e                aci_hal_set_tx_power_level
 .text.aci_hal_set_radio_activity_mask
                0x08007a2c       0xa8 ./Middlewares/ST/STM32_WPAN/ble/core/auto/ble_hal_aci.o
                0x08007a2c                aci_hal_set_radio_activity_mask
 .text.hci_reset
                0x08007ad4       0x48 ./Middlewares/ST/STM32_WPAN/ble/core/auto/ble_hci_le.o
                0x08007ad4                hci_reset
 .text.hci_le_set_default_phy
                0x08007b1c       0xfa ./Middlewares/ST/STM32_WPAN/ble/core/auto/ble_hci_le.o
                0x08007b1c                hci_le_set_default_phy
 .text.Osal_MemCpy
                0x08007c16       0x20 ./Middlewares/ST/STM32_WPAN/ble/core/template/osal.o
                0x08007c16                Osal_MemCpy
 .text.Osal_MemSet
                0x08007c36       0x20 ./Middlewares/ST/STM32_WPAN/ble/core/template/osal.o
                0x08007c36                Osal_MemSet
 .text.BAS_Init
                0x08007c56        0xe ./Middlewares/ST/STM32_WPAN/ble/svc/Src/svc_ctl.o
                0x08007c56                BAS_Init
 .text.BLS_Init
                0x08007c64        0xe ./Middlewares/ST/STM32_WPAN/ble/svc/Src/svc_ctl.o
                0x08007c64                BLS_Init
 .text.CRS_STM_Init
                0x08007c72        0xe ./Middlewares/ST/STM32_WPAN/ble/svc/Src/svc_ctl.o
                0x08007c72                CRS_STM_Init
 .text.DIS_Init
                0x08007c80        0xe ./Middlewares/ST/STM32_WPAN/ble/svc/Src/svc_ctl.o
                0x08007c80                DIS_Init
 .text.EDS_STM_Init
                0x08007c8e        0xe ./Middlewares/ST/STM32_WPAN/ble/svc/Src/svc_ctl.o
                0x08007c8e                EDS_STM_Init
 .text.HIDS_Init
                0x08007c9c        0xe ./Middlewares/ST/STM32_WPAN/ble/svc/Src/svc_ctl.o
                0x08007c9c                HIDS_Init
 .text.HRS_Init
                0x08007caa        0xe ./Middlewares/ST/STM32_WPAN/ble/svc/Src/svc_ctl.o
                0x08007caa                HRS_Init
 .text.HTS_Init
                0x08007cb8        0xe ./Middlewares/ST/STM32_WPAN/ble/svc/Src/svc_ctl.o
                0x08007cb8                HTS_Init
 .text.IAS_Init
                0x08007cc6        0xe ./Middlewares/ST/STM32_WPAN/ble/svc/Src/svc_ctl.o
                0x08007cc6                IAS_Init
 .text.LLS_Init
                0x08007cd4        0xe ./Middlewares/ST/STM32_WPAN/ble/svc/Src/svc_ctl.o
                0x08007cd4                LLS_Init
 .text.TPS_Init
                0x08007ce2        0xe ./Middlewares/ST/STM32_WPAN/ble/svc/Src/svc_ctl.o
                0x08007ce2                TPS_Init
 .text.MOTENV_STM_Init
                0x08007cf0        0xe ./Middlewares/ST/STM32_WPAN/ble/svc/Src/svc_ctl.o
                0x08007cf0                MOTENV_STM_Init
 .text.P2PS_STM_Init
                0x08007cfe        0xe ./Middlewares/ST/STM32_WPAN/ble/svc/Src/svc_ctl.o
                0x08007cfe                P2PS_STM_Init
 .text.ZDD_STM_Init
                0x08007d0c        0xe ./Middlewares/ST/STM32_WPAN/ble/svc/Src/svc_ctl.o
                0x08007d0c                ZDD_STM_Init
 .text.OTAS_STM_Init
                0x08007d1a        0xe ./Middlewares/ST/STM32_WPAN/ble/svc/Src/svc_ctl.o
                0x08007d1a                OTAS_STM_Init
 .text.MESH_Init
                0x08007d28        0xe ./Middlewares/ST/STM32_WPAN/ble/svc/Src/svc_ctl.o
                0x08007d28                MESH_Init
 .text.BVOPUS_STM_Init
                0x08007d36        0xe ./Middlewares/ST/STM32_WPAN/ble/svc/Src/svc_ctl.o
                0x08007d36                BVOPUS_STM_Init
 .text.SVCCTL_Init
                0x08007d44       0x20 ./Middlewares/ST/STM32_WPAN/ble/svc/Src/svc_ctl.o
                0x08007d44                SVCCTL_Init
 .text.SVCCTL_SvcInit
                0x08007d64       0x50 ./Middlewares/ST/STM32_WPAN/ble/svc/Src/svc_ctl.o
                0x08007d64                SVCCTL_SvcInit
 .text.SVCCTL_RegisterSvcHandler
                0x08007db4       0x34 ./Middlewares/ST/STM32_WPAN/ble/svc/Src/svc_ctl.o
                0x08007db4                SVCCTL_RegisterSvcHandler
 .text.SVCCTL_UserEvtRx
                0x08007de8       0xa8 ./Middlewares/ST/STM32_WPAN/ble/svc/Src/svc_ctl.o
                0x08007de8                SVCCTL_UserEvtRx
 .text.SHCI_C2_BLE_Init
                0x08007e90       0x2e ./Middlewares/ST/STM32_WPAN/interface/patterns/ble_thread/shci/shci.o
                0x08007e90                SHCI_C2_BLE_Init
 .text.SHCI_C2_DEBUG_Init
                0x08007ebe       0x2e ./Middlewares/ST/STM32_WPAN/interface/patterns/ble_thread/shci/shci.o
                0x08007ebe                SHCI_C2_DEBUG_Init
 .text.SHCI_C2_Config
                0x08007eec       0x2a ./Middlewares/ST/STM32_WPAN/interface/patterns/ble_thread/shci/shci.o
                0x08007eec                SHCI_C2_Config
 *fill*         0x08007f16        0x2 
 .text.SHCI_GetWirelessFwInfo
                0x08007f18      0x15c ./Middlewares/ST/STM32_WPAN/interface/patterns/ble_thread/shci/shci.o
                0x08007f18                SHCI_GetWirelessFwInfo
 .text.hci_init
                0x08008074       0x38 ./Middlewares/ST/STM32_WPAN/interface/patterns/ble_thread/tl/hci_tl.o
                0x08008074                hci_init
 .text.hci_user_evt_proc
                0x080080ac       0x9c ./Middlewares/ST/STM32_WPAN/interface/patterns/ble_thread/tl/hci_tl.o
                0x080080ac                hci_user_evt_proc
 .text.hci_send_req
                0x08008148      0x108 ./Middlewares/ST/STM32_WPAN/interface/patterns/ble_thread/tl/hci_tl.o
                0x08008148                hci_send_req
 .text.TlInit   0x08008250       0x60 ./Middlewares/ST/STM32_WPAN/interface/patterns/ble_thread/tl/hci_tl.o
 .text.SendCmd  0x080082b0       0x4c ./Middlewares/ST/STM32_WPAN/interface/patterns/ble_thread/tl/hci_tl.o
 .text.NotifyCmdStatus
                0x080082fc       0x40 ./Middlewares/ST/STM32_WPAN/interface/patterns/ble_thread/tl/hci_tl.o
 .text.TlEvtReceived
                0x0800833c       0x48 ./Middlewares/ST/STM32_WPAN/interface/patterns/ble_thread/tl/hci_tl.o
 .text.hci_register_io_bus
                0x08008384       0x28 ./Middlewares/ST/STM32_WPAN/interface/patterns/ble_thread/tl/hci_tl_if.o
                0x08008384                hci_register_io_bus
 .text.shci_init
                0x080083ac       0x38 ./Middlewares/ST/STM32_WPAN/interface/patterns/ble_thread/tl/shci_tl.o
                0x080083ac                shci_init
 .text.shci_user_evt_proc
                0x080083e4       0x9c ./Middlewares/ST/STM32_WPAN/interface/patterns/ble_thread/tl/shci_tl.o
                0x080083e4                shci_user_evt_proc
 .text.shci_send
                0x08008480       0x84 ./Middlewares/ST/STM32_WPAN/interface/patterns/ble_thread/tl/shci_tl.o
                0x08008480                shci_send
 .text.TlInit   0x08008504       0x64 ./Middlewares/ST/STM32_WPAN/interface/patterns/ble_thread/tl/shci_tl.o
 .text.Cmd_SetStatus
                0x08008568       0x50 ./Middlewares/ST/STM32_WPAN/interface/patterns/ble_thread/tl/shci_tl.o
 .text.TlCmdEvtReceived
                0x080085b8       0x16 ./Middlewares/ST/STM32_WPAN/interface/patterns/ble_thread/tl/shci_tl.o
 *fill*         0x080085ce        0x2 
 .text.TlUserEvtReceived
                0x080085d0       0x24 ./Middlewares/ST/STM32_WPAN/interface/patterns/ble_thread/tl/shci_tl.o
 .text.shci_register_io_bus
                0x080085f4       0x28 ./Middlewares/ST/STM32_WPAN/interface/patterns/ble_thread/tl/shci_tl_if.o
                0x080085f4                shci_register_io_bus
 .text.TL_Enable
                0x0800861c        0xc ./Middlewares/ST/STM32_WPAN/interface/patterns/ble_thread/tl/tl_mbox.o
                0x0800861c                TL_Enable
 .text.TL_Init  0x08008628       0x74 ./Middlewares/ST/STM32_WPAN/interface/patterns/ble_thread/tl/tl_mbox.o
                0x08008628                TL_Init
 .text.TL_BLE_Init
                0x0800869c       0x68 ./Middlewares/ST/STM32_WPAN/interface/patterns/ble_thread/tl/tl_mbox.o
                0x0800869c                TL_BLE_Init
 .text.TL_BLE_SendCmd
                0x08008704       0x38 ./Middlewares/ST/STM32_WPAN/interface/patterns/ble_thread/tl/tl_mbox.o
                0x08008704                TL_BLE_SendCmd
 .text.HW_IPCC_BLE_RxEvtNot
                0x0800873c       0x60 ./Middlewares/ST/STM32_WPAN/interface/patterns/ble_thread/tl/tl_mbox.o
                0x0800873c                HW_IPCC_BLE_RxEvtNot
 .text.HW_IPCC_BLE_AclDataAckNot
                0x0800879c       0x14 ./Middlewares/ST/STM32_WPAN/interface/patterns/ble_thread/tl/tl_mbox.o
                0x0800879c                HW_IPCC_BLE_AclDataAckNot
 .text.TL_SYS_Init
                0x080087b0       0x54 ./Middlewares/ST/STM32_WPAN/interface/patterns/ble_thread/tl/tl_mbox.o
                0x080087b0                TL_SYS_Init
 .text.TL_SYS_SendCmd
                0x08008804       0x38 ./Middlewares/ST/STM32_WPAN/interface/patterns/ble_thread/tl/tl_mbox.o
                0x08008804                TL_SYS_SendCmd
 .text.HW_IPCC_SYS_CmdEvtNot
                0x0800883c       0x2c ./Middlewares/ST/STM32_WPAN/interface/patterns/ble_thread/tl/tl_mbox.o
                0x0800883c                HW_IPCC_SYS_CmdEvtNot
 .text.HW_IPCC_SYS_EvtNot
                0x08008868       0x44 ./Middlewares/ST/STM32_WPAN/interface/patterns/ble_thread/tl/tl_mbox.o
                0x08008868                HW_IPCC_SYS_EvtNot
 .text.TL_MM_Init
                0x080088ac       0x78 ./Middlewares/ST/STM32_WPAN/interface/patterns/ble_thread/tl/tl_mbox.o
                0x080088ac                TL_MM_Init
 .text.TL_MM_EvtDone
                0x08008924       0x30 ./Middlewares/ST/STM32_WPAN/interface/patterns/ble_thread/tl/tl_mbox.o
                0x08008924                TL_MM_EvtDone
 .text.SendFreeBuf
                0x08008954       0x40 ./Middlewares/ST/STM32_WPAN/interface/patterns/ble_thread/tl/tl_mbox.o
 .text.TL_TRACES_Init
                0x08008994       0x24 ./Middlewares/ST/STM32_WPAN/interface/patterns/ble_thread/tl/tl_mbox.o
                0x08008994                TL_TRACES_Init
 .text.HW_IPCC_TRACES_EvtNot
                0x080089b8       0x34 ./Middlewares/ST/STM32_WPAN/interface/patterns/ble_thread/tl/tl_mbox.o
                0x080089b8                HW_IPCC_TRACES_EvtNot
 .text.TL_TRACES_EvtReceived
                0x080089ec       0x14 ./Middlewares/ST/STM32_WPAN/interface/patterns/ble_thread/tl/tl_mbox.o
                0x080089ec                TL_TRACES_EvtReceived
 .text.OutputDbgTrace
                0x08008a00       0xac ./Middlewares/ST/STM32_WPAN/interface/patterns/ble_thread/tl/tl_mbox.o
 .text.OTP_Read
                0x08008aac       0x50 ./Middlewares/ST/STM32_WPAN/utilities/otp.o
                0x08008aac                OTP_Read
 .text.LST_init_head
                0x08008afc       0x20 ./Middlewares/ST/STM32_WPAN/utilities/stm_list.o
                0x08008afc                LST_init_head
 .text.LST_is_empty
                0x08008b1c       0x44 ./Middlewares/ST/STM32_WPAN/utilities/stm_list.o
                0x08008b1c                LST_is_empty
 .text.LST_insert_head
                0x08008b60       0x4c ./Middlewares/ST/STM32_WPAN/utilities/stm_list.o
                0x08008b60                LST_insert_head
 .text.LST_insert_tail
                0x08008bac       0x4c ./Middlewares/ST/STM32_WPAN/utilities/stm_list.o
                0x08008bac                LST_insert_tail
 .text.LST_remove_node
                0x08008bf8       0x42 ./Middlewares/ST/STM32_WPAN/utilities/stm_list.o
                0x08008bf8                LST_remove_node
 .text.LST_remove_head
                0x08008c3a       0x3e ./Middlewares/ST/STM32_WPAN/utilities/stm_list.o
                0x08008c3a                LST_remove_head
 .text.LL_FLASH_GetUDN
                0x08008c78       0x18 ./STM32_WPAN/App/app_ble.o
 .text.LL_FLASH_GetDeviceID
                0x08008c90       0x18 ./STM32_WPAN/App/app_ble.o
 .text.LL_FLASH_GetSTCompanyID
                0x08008ca8       0x18 ./STM32_WPAN/App/app_ble.o
 .text.APP_BLE_Init
                0x08008cc0       0xc8 ./STM32_WPAN/App/app_ble.o
                0x08008cc0                APP_BLE_Init
 .text.SVCCTL_App_Notification
                0x08008d88      0x1b8 ./STM32_WPAN/App/app_ble.o
                0x08008d88                SVCCTL_App_Notification
 .text.Ble_Tl_Init
                0x08008f40       0x2c ./STM32_WPAN/App/app_ble.o
 .text.Ble_Hci_Gap_Gatt_Init
                0x08008f6c      0x168 ./STM32_WPAN/App/app_ble.o
 .text.Adv_Request
                0x080090d4       0x60 ./STM32_WPAN/App/app_ble.o
 .text.BleGetBdAddress
                0x08009134       0x88 ./STM32_WPAN/App/app_ble.o
 .text.Adv_Cancel
                0x080091bc       0x34 ./STM32_WPAN/App/app_ble.o
 .text.hci_notify_asynch_evt
                0x080091f0       0x18 ./STM32_WPAN/App/app_ble.o
                0x080091f0                hci_notify_asynch_evt
 .text.hci_cmd_resp_release
                0x08009208       0x16 ./STM32_WPAN/App/app_ble.o
                0x08009208                hci_cmd_resp_release
 .text.hci_cmd_resp_wait
                0x0800921e       0x16 ./STM32_WPAN/App/app_ble.o
                0x0800921e                hci_cmd_resp_wait
 .text.BLE_UserEvtRx
                0x08009234       0x38 ./STM32_WPAN/App/app_ble.o
 .text.BLE_StatusNot
                0x0800926c       0x36 ./STM32_WPAN/App/app_ble.o
 .text.ble_calculate_chksum
                0x080092a2       0x42 ./STM32_WPAN/App/ble_custom_utils.o
                0x080092a2                ble_calculate_chksum
 .text.myTask   0x080092e4       0x28 ./STM32_WPAN/App/custom_app.o
                0x080092e4                myTask
 .text.ble_notify_interface_get
                0x0800930c       0x14 ./STM32_WPAN/App/custom_app.o
                0x0800930c                ble_notify_interface_get
 .text.Custom_STM_App_Notification
                0x08009320      0x170 ./STM32_WPAN/App/custom_app.o
                0x08009320                Custom_STM_App_Notification
 .text.Custom_APP_Notification
                0x08009490       0x28 ./STM32_WPAN/App/custom_app.o
                0x08009490                Custom_APP_Notification
 .text.Custom_APP_Init
                0x080094b8       0x30 ./STM32_WPAN/App/custom_app.o
                0x080094b8                Custom_APP_Init
 .text.Custom_Charnotify_Send_Notification
                0x080094e8       0x2c ./STM32_WPAN/App/custom_app.o
 .text.Custom_STM_Event_Handler
                0x08009514      0x168 ./STM32_WPAN/App/custom_stm.o
 .text.SVCCTL_InitCustomSvc
                0x0800967c      0x160 ./STM32_WPAN/App/custom_stm.o
                0x0800967c                SVCCTL_InitCustomSvc
 .text.Custom_STM_App_Update_Char
                0x080097dc       0x74 ./STM32_WPAN/App/custom_stm.o
                0x080097dc                Custom_STM_App_Update_Char
 .text.data_handler_req_hr_spo2
                0x08009850       0x26 ./STM32_WPAN/App/data_handler.o
                0x08009850                data_handler_req_hr_spo2
 *fill*         0x08009876        0x2 
 .text.data_handler_notify_hr_spo2
                0x08009878      0x178 ./STM32_WPAN/App/data_handler.o
                0x08009878                data_handler_notify_hr_spo2
 .text.data_handler_req_temp
                0x080099f0       0x38 ./STM32_WPAN/App/data_handler.o
                0x080099f0                data_handler_req_temp
 .text.data_handler_notify_temp
                0x08009a28      0x240 ./STM32_WPAN/App/data_handler.o
                0x08009a28                data_handler_notify_temp
 .text.data_handler_req_pressure
                0x08009c68       0x26 ./STM32_WPAN/App/data_handler.o
                0x08009c68                data_handler_req_pressure
 *fill*         0x08009c8e        0x2 
 .text.data_handler_notify_pressure
                0x08009c90      0x154 ./STM32_WPAN/App/data_handler.o
                0x08009c90                data_handler_notify_pressure
 .text.data_handler_req_all_data
                0x08009de4       0x22 ./STM32_WPAN/App/data_handler.o
                0x08009de4                data_handler_req_all_data
 .text.data_handler_req_historical_data
                0x08009e06       0x40 ./STM32_WPAN/App/data_handler.o
                0x08009e06                data_handler_req_historical_data
 .text.data_handler_req_set_unix_time
                0x08009e46       0x40 ./STM32_WPAN/App/data_handler.o
                0x08009e46                data_handler_req_set_unix_time
 .text.data_handler_req_set_sensor_config
                0x08009e86       0x3a ./STM32_WPAN/App/data_handler.o
                0x08009e86                data_handler_req_set_sensor_config
 .text.data_handler_req_start_stream
                0x08009ec0       0x34 ./STM32_WPAN/App/data_handler.o
                0x08009ec0                data_handler_req_start_stream
 .text.data_handler_req_stop_stream
                0x08009ef4       0x22 ./STM32_WPAN/App/data_handler.o
                0x08009ef4                data_handler_req_stop_stream
 *fill*         0x08009f16        0x2 
 .text.data_handler_dispatcher
                0x08009f18       0x68 ./STM32_WPAN/App/data_handler.o
                0x08009f18                data_handler_dispatcher
 .text.data_handler_Init
                0x08009f80       0x38 ./STM32_WPAN/App/data_handler.o
                0x08009f80                data_handler_Init
 .text.LL_PWR_EnableBootC2
                0x08009fb8       0x20 ./STM32_WPAN/Target/hw_ipcc.o
 .text.LL_C2_EXTI_EnableEvent_32_63
                0x08009fd8       0x28 ./STM32_WPAN/Target/hw_ipcc.o
 .text.LL_EXTI_EnableRisingTrig_32_63
                0x0800a000       0x24 ./STM32_WPAN/Target/hw_ipcc.o
 .text.LL_AHB3_GRP1_EnableClock
                0x0800a024       0x32 ./STM32_WPAN/Target/hw_ipcc.o
 .text.LL_C2_AHB3_GRP1_EnableClock
                0x0800a056       0x38 ./STM32_WPAN/Target/hw_ipcc.o
 .text.LL_C1_IPCC_EnableIT_TXF
                0x0800a08e       0x20 ./STM32_WPAN/Target/hw_ipcc.o
 .text.LL_C1_IPCC_EnableIT_RXO
                0x0800a0ae       0x20 ./STM32_WPAN/Target/hw_ipcc.o
 .text.LL_C1_IPCC_EnableTransmitChannel
                0x0800a0ce       0x26 ./STM32_WPAN/Target/hw_ipcc.o
 .text.LL_C1_IPCC_DisableTransmitChannel
                0x0800a0f4       0x24 ./STM32_WPAN/Target/hw_ipcc.o
 .text.LL_C1_IPCC_EnableReceiveChannel
                0x0800a118       0x24 ./STM32_WPAN/Target/hw_ipcc.o
 .text.LL_C1_IPCC_ClearFlag_CHx
                0x0800a13c       0x1c ./STM32_WPAN/Target/hw_ipcc.o
 .text.LL_C1_IPCC_SetFlag_CHx
                0x0800a158       0x1e ./STM32_WPAN/Target/hw_ipcc.o
 .text.LL_C1_IPCC_IsActiveFlag_CHx
                0x0800a176       0x2a ./STM32_WPAN/Target/hw_ipcc.o
 .text.LL_C2_IPCC_IsActiveFlag_CHx
                0x0800a1a0       0x2a ./STM32_WPAN/Target/hw_ipcc.o
 *fill*         0x0800a1ca        0x2 
 .text.HW_IPCC_Rx_Handler
                0x0800a1cc       0x6c ./STM32_WPAN/Target/hw_ipcc.o
                0x0800a1cc                HW_IPCC_Rx_Handler
 .text.HW_IPCC_Tx_Handler
                0x0800a238       0x6c ./STM32_WPAN/Target/hw_ipcc.o
                0x0800a238                HW_IPCC_Tx_Handler
 .text.HW_IPCC_Enable
                0x0800a2a4       0x28 ./STM32_WPAN/Target/hw_ipcc.o
                0x0800a2a4                HW_IPCC_Enable
 .text.HW_IPCC_Init
                0x0800a2cc       0x2c ./STM32_WPAN/Target/hw_ipcc.o
                0x0800a2cc                HW_IPCC_Init
 .text.HW_IPCC_BLE_Init
                0x0800a2f8       0x34 ./STM32_WPAN/Target/hw_ipcc.o
                0x0800a2f8                HW_IPCC_BLE_Init
 .text.HW_IPCC_BLE_SendCmd
                0x0800a32c       0x14 ./STM32_WPAN/Target/hw_ipcc.o
                0x0800a32c                HW_IPCC_BLE_SendCmd
 .text.HW_IPCC_BLE_EvtHandler
                0x0800a340       0x18 ./STM32_WPAN/Target/hw_ipcc.o
 .text.HW_IPCC_BLE_AclDataEvtHandler
                0x0800a358       0x38 ./STM32_WPAN/Target/hw_ipcc.o
 .text.HW_IPCC_SYS_Init
                0x0800a390       0x34 ./STM32_WPAN/Target/hw_ipcc.o
                0x0800a390                HW_IPCC_SYS_Init
 .text.HW_IPCC_SYS_SendCmd
                0x0800a3c4       0x3c ./STM32_WPAN/Target/hw_ipcc.o
                0x0800a3c4                HW_IPCC_SYS_SendCmd
 .text.HW_IPCC_SYS_CmdEvtHandler
                0x0800a400       0x38 ./STM32_WPAN/Target/hw_ipcc.o
 .text.HW_IPCC_SYS_EvtHandler
                0x0800a438       0x18 ./STM32_WPAN/Target/hw_ipcc.o
 .text.HW_IPCC_MM_SendFreeBuf
                0x0800a450       0x5c ./STM32_WPAN/Target/hw_ipcc.o
                0x0800a450                HW_IPCC_MM_SendFreeBuf
 .text.HW_IPCC_MM_FreeBufHandler
                0x0800a4ac       0x48 ./STM32_WPAN/Target/hw_ipcc.o
 .text.HW_IPCC_TRACES_Init
                0x0800a4f4       0x34 ./STM32_WPAN/Target/hw_ipcc.o
                0x0800a4f4                HW_IPCC_TRACES_Init
 .text.HW_IPCC_TRACES_EvtHandler
                0x0800a528       0x18 ./STM32_WPAN/Target/hw_ipcc.o
 .text.UTIL_LPM_Init
                0x0800a540       0x24 ./Utilities/lpm/tiny_lpm/stm32_lpm.o
                0x0800a540                UTIL_LPM_Init
 .text.UTIL_LPM_SetOffMode
                0x0800a564       0x60 ./Utilities/lpm/tiny_lpm/stm32_lpm.o
                0x0800a564                UTIL_LPM_SetOffMode
 .text.UTIL_SEQ_Run
                0x0800a5c4      0x1f8 ./Utilities/sequencer/stm32_seq.o
                0x0800a5c4                UTIL_SEQ_Run
 .text.UTIL_SEQ_RegTask
                0x0800a7bc       0x44 ./Utilities/sequencer/stm32_seq.o
                0x0800a7bc                UTIL_SEQ_RegTask
 .text.UTIL_SEQ_SetTask
                0x0800a800       0x58 ./Utilities/sequencer/stm32_seq.o
                0x0800a800                UTIL_SEQ_SetTask
 .text.UTIL_SEQ_PauseTask
                0x0800a858       0x40 ./Utilities/sequencer/stm32_seq.o
                0x0800a858                UTIL_SEQ_PauseTask
 .text.UTIL_SEQ_ResumeTask
                0x0800a898       0x40 ./Utilities/sequencer/stm32_seq.o
                0x0800a898                UTIL_SEQ_ResumeTask
 .text.UTIL_SEQ_SetEvt
                0x0800a8d8       0x40 ./Utilities/sequencer/stm32_seq.o
                0x0800a8d8                UTIL_SEQ_SetEvt
 .text.UTIL_SEQ_WaitEvt
                0x0800a918       0x94 ./Utilities/sequencer/stm32_seq.o
                0x0800a918                UTIL_SEQ_WaitEvt
 .text.UTIL_SEQ_EvtIdle
                0x0800a9ac       0x1c ./Utilities/sequencer/stm32_seq.o
                0x0800a9ac                UTIL_SEQ_EvtIdle
 .text.UTIL_SEQ_PreIdle
                0x0800a9c8        0xe ./Utilities/sequencer/stm32_seq.o
                0x0800a9c8                UTIL_SEQ_PreIdle
 .text.UTIL_SEQ_PostIdle
                0x0800a9d6        0xe ./Utilities/sequencer/stm32_seq.o
                0x0800a9d6                UTIL_SEQ_PostIdle
 .text.SEQ_BitPosition
                0x0800a9e4       0x30 ./Utilities/sequencer/stm32_seq.o
                0x0800a9e4                SEQ_BitPosition
 .text.malloc   0x0800aa14       0x10 C:/ST/STM32CubeIDE_1.17.0/STM32CubeIDE/plugins/com.st.stm32cube.ide.mcu.externaltools.gnu-tools-for-stm32.13.3.rel1.win32_1.0.0.202411081344/tools/bin/../lib/gcc/arm-none-eabi/13.3.1/../../../../arm-none-eabi/lib/thumb/v7e-m+fp/hard\libc_nano.a(libc_a-malloc.o)
                0x0800aa14                malloc
 .text.sbrk_aligned
                0x0800aa24       0x44 C:/ST/STM32CubeIDE_1.17.0/STM32CubeIDE/plugins/com.st.stm32cube.ide.mcu.externaltools.gnu-tools-for-stm32.13.3.rel1.win32_1.0.0.202411081344/tools/bin/../lib/gcc/arm-none-eabi/13.3.1/../../../../arm-none-eabi/lib/thumb/v7e-m+fp/hard\libc_nano.a(libc_a-mallocr.o)
 .text._malloc_r
                0x0800aa68      0x100 C:/ST/STM32CubeIDE_1.17.0/STM32CubeIDE/plugins/com.st.stm32cube.ide.mcu.externaltools.gnu-tools-for-stm32.13.3.rel1.win32_1.0.0.202411081344/tools/bin/../lib/gcc/arm-none-eabi/13.3.1/../../../../arm-none-eabi/lib/thumb/v7e-m+fp/hard\libc_nano.a(libc_a-mallocr.o)
                0x0800aa68                _malloc_r
 .text.__malloc_lock
                0x0800ab68        0xc C:/ST/STM32CubeIDE_1.17.0/STM32CubeIDE/plugins/com.st.stm32cube.ide.mcu.externaltools.gnu-tools-for-stm32.13.3.rel1.win32_1.0.0.202411081344/tools/bin/../lib/gcc/arm-none-eabi/13.3.1/../../../../arm-none-eabi/lib/thumb/v7e-m+fp/hard\libc_nano.a(libc_a-mlock.o)
                0x0800ab68                __malloc_lock
 .text.__malloc_unlock
                0x0800ab74        0xc C:/ST/STM32CubeIDE_1.17.0/STM32CubeIDE/plugins/com.st.stm32cube.ide.mcu.externaltools.gnu-tools-for-stm32.13.3.rel1.win32_1.0.0.202411081344/tools/bin/../lib/gcc/arm-none-eabi/13.3.1/../../../../arm-none-eabi/lib/thumb/v7e-m+fp/hard\libc_nano.a(libc_a-mlock.o)
                0x0800ab74                __malloc_unlock
 .text.memset   0x0800ab80       0x10 C:/ST/STM32CubeIDE_1.17.0/STM32CubeIDE/plugins/com.st.stm32cube.ide.mcu.externaltools.gnu-tools-for-stm32.13.3.rel1.win32_1.0.0.202411081344/tools/bin/../lib/gcc/arm-none-eabi/13.3.1/../../../../arm-none-eabi/lib/thumb/v7e-m+fp/hard\libc_nano.a(libc_a-memset.o)
                0x0800ab80                memset
 .text._sbrk_r  0x0800ab90       0x20 C:/ST/STM32CubeIDE_1.17.0/STM32CubeIDE/plugins/com.st.stm32cube.ide.mcu.externaltools.gnu-tools-for-stm32.13.3.rel1.win32_1.0.0.202411081344/tools/bin/../lib/gcc/arm-none-eabi/13.3.1/../../../../arm-none-eabi/lib/thumb/v7e-m+fp/hard\libc_nano.a(libc_a-sbrkr.o)
                0x0800ab90                _sbrk_r
 .text.__errno  0x0800abb0        0xc C:/ST/STM32CubeIDE_1.17.0/STM32CubeIDE/plugins/com.st.stm32cube.ide.mcu.externaltools.gnu-tools-for-stm32.13.3.rel1.win32_1.0.0.202411081344/tools/bin/../lib/gcc/arm-none-eabi/13.3.1/../../../../arm-none-eabi/lib/thumb/v7e-m+fp/hard\libc_nano.a(libc_a-errno.o)
                0x0800abb0                __errno
 .text.__libc_init_array
                0x0800abbc       0x48 C:/ST/STM32CubeIDE_1.17.0/STM32CubeIDE/plugins/com.st.stm32cube.ide.mcu.externaltools.gnu-tools-for-stm32.13.3.rel1.win32_1.0.0.202411081344/tools/bin/../lib/gcc/arm-none-eabi/13.3.1/../../../../arm-none-eabi/lib/thumb/v7e-m+fp/hard\libc_nano.a(libc_a-init.o)
                0x0800abbc                __libc_init_array
 .text.__retarget_lock_acquire_recursive
                0x0800ac04        0x2 C:/ST/STM32CubeIDE_1.17.0/STM32CubeIDE/plugins/com.st.stm32cube.ide.mcu.externaltools.gnu-tools-for-stm32.13.3.rel1.win32_1.0.0.202411081344/tools/bin/../lib/gcc/arm-none-eabi/13.3.1/../../../../arm-none-eabi/lib/thumb/v7e-m+fp/hard\libc_nano.a(libc_a-lock.o)
                0x0800ac04                __retarget_lock_acquire_recursive
 .text.__retarget_lock_release_recursive
                0x0800ac06        0x2 C:/ST/STM32CubeIDE_1.17.0/STM32CubeIDE/plugins/com.st.stm32cube.ide.mcu.externaltools.gnu-tools-for-stm32.13.3.rel1.win32_1.0.0.202411081344/tools/bin/../lib/gcc/arm-none-eabi/13.3.1/../../../../arm-none-eabi/lib/thumb/v7e-m+fp/hard\libc_nano.a(libc_a-lock.o)
                0x0800ac06                __retarget_lock_release_recursive
 .text.memcpy   0x0800ac08       0x1c C:/ST/STM32CubeIDE_1.17.0/STM32CubeIDE/plugins/com.st.stm32cube.ide.mcu.externaltools.gnu-tools-for-stm32.13.3.rel1.win32_1.0.0.202411081344/tools/bin/../lib/gcc/arm-none-eabi/13.3.1/../../../../arm-none-eabi/lib/thumb/v7e-m+fp/hard\libc_nano.a(libc_a-memcpy-stub.o)
                0x0800ac08                memcpy
 *(.glue_7)
 .glue_7        0x0800ac24        0x0 linker stubs
 *(.glue_7t)
 .glue_7t       0x0800ac24        0x0 linker stubs
 *(.eh_frame)
 .eh_frame      0x0800ac24        0x0 C:/ST/STM32CubeIDE_1.17.0/STM32CubeIDE/plugins/com.st.stm32cube.ide.mcu.externaltools.gnu-tools-for-stm32.13.3.rel1.win32_1.0.0.202411081344/tools/bin/../lib/gcc/arm-none-eabi/13.3.1/thumb/v7e-m+fp/hard/crtbegin.o
 *(.init)
 .init          0x0800ac24        0x4 C:/ST/STM32CubeIDE_1.17.0/STM32CubeIDE/plugins/com.st.stm32cube.ide.mcu.externaltools.gnu-tools-for-stm32.13.3.rel1.win32_1.0.0.202411081344/tools/bin/../lib/gcc/arm-none-eabi/13.3.1/thumb/v7e-m+fp/hard/crti.o
                0x0800ac24                _init
 .init          0x0800ac28        0x8 C:/ST/STM32CubeIDE_1.17.0/STM32CubeIDE/plugins/com.st.stm32cube.ide.mcu.externaltools.gnu-tools-for-stm32.13.3.rel1.win32_1.0.0.202411081344/tools/bin/../lib/gcc/arm-none-eabi/13.3.1/thumb/v7e-m+fp/hard/crtn.o
 *(.fini)
 .fini          0x0800ac30        0x4 C:/ST/STM32CubeIDE_1.17.0/STM32CubeIDE/plugins/com.st.stm32cube.ide.mcu.externaltools.gnu-tools-for-stm32.13.3.rel1.win32_1.0.0.202411081344/tools/bin/../lib/gcc/arm-none-eabi/13.3.1/thumb/v7e-m+fp/hard/crti.o
                0x0800ac30                _fini
 .fini          0x0800ac34        0x8 C:/ST/STM32CubeIDE_1.17.0/STM32CubeIDE/plugins/com.st.stm32cube.ide.mcu.externaltools.gnu-tools-for-stm32.13.3.rel1.win32_1.0.0.202411081344/tools/bin/../lib/gcc/arm-none-eabi/13.3.1/thumb/v7e-m+fp/hard/crtn.o
                0x0800ac3c                        . = ALIGN (0x4)
                0x0800ac3c                        _etext = .

.vfp11_veneer   0x0800ac3c        0x0
 .vfp11_veneer  0x0800ac3c        0x0 linker stubs

.v4_bx          0x0800ac3c        0x0
 .v4_bx         0x0800ac3c        0x0 linker stubs

.iplt           0x0800ac3c        0x0
 .iplt          0x0800ac3c        0x0 C:/ST/STM32CubeIDE_1.17.0/STM32CubeIDE/plugins/com.st.stm32cube.ide.mcu.externaltools.gnu-tools-for-stm32.13.3.rel1.win32_1.0.0.202411081344/tools/bin/../lib/gcc/arm-none-eabi/13.3.1/thumb/v7e-m+fp/hard/crtbegin.o

.rodata         0x0800ac3c      0x2b0
                0x0800ac3c                        . = ALIGN (0x4)
 *(.rodata)
 .rodata        0x0800ac3c       0x1b ./Core/Src/app_debug.o
 *fill*         0x0800ac57        0x1 
 .rodata        0x0800ac58       0x2c ./Drivers/STM32WBxx_HAL_Driver/Src/stm32wbxx_hal_rcc.o
 .rodata        0x0800ac84       0x45 ./STM32_WPAN/App/app_ble.o
 *(.rodata*)
 *fill*         0x0800acc9        0x3 
 .rodata.aGpioConfigList
                0x0800accc      0x130 ./Core/Src/app_debug.o
 .rodata.AHBPrescTable
                0x0800adfc       0x40 ./Core/Src/system_stm32wbxx.o
                0x0800adfc                AHBPrescTable
 .rodata.APBPrescTable
                0x0800ae3c       0x20 ./Core/Src/system_stm32wbxx.o
                0x0800ae3c                APBPrescTable
 .rodata.MSIRangeTable
                0x0800ae5c       0x40 ./Core/Src/system_stm32wbxx.o
                0x0800ae5c                MSIRangeTable
 .rodata.UARTPrescTable
                0x0800ae9c       0x18 ./Drivers/STM32WBxx_HAL_Driver/Src/stm32wbxx_hal_uart.o
                0x0800ae9c                UARTPrescTable
 .rodata.numerator.1
                0x0800aeb4        0x8 ./Drivers/STM32WBxx_HAL_Driver/Src/stm32wbxx_hal_uart_ex.o
 .rodata.denominator.0
                0x0800aebc        0x8 ./Drivers/STM32WBxx_HAL_Driver/Src/stm32wbxx_hal_uart_ex.o
 .rodata.a_MBdAddr
                0x0800aec4        0x6 ./STM32_WPAN/App/app_ble.o
 *fill*         0x0800aeca        0x2 
 .rodata.a_BLE_CfgIrValue
                0x0800aecc       0x10 ./STM32_WPAN/App/app_ble.o
 .rodata.a_BLE_CfgErValue
                0x0800aedc       0x10 ./STM32_WPAN/App/app_ble.o
                0x0800aeec                        . = ALIGN (0x4)

.ARM.extab
 *(.ARM.extab* .gnu.linkonce.armextab.*)

.ARM            0x0800aeec        0x8
                0x0800aeec                        __exidx_start = .
 *(.ARM.exidx*)
 .ARM.exidx     0x0800aeec        0x8 C:/ST/STM32CubeIDE_1.17.0/STM32CubeIDE/plugins/com.st.stm32cube.ide.mcu.externaltools.gnu-tools-for-stm32.13.3.rel1.win32_1.0.0.202411081344/tools/bin/../lib/gcc/arm-none-eabi/13.3.1/../../../../arm-none-eabi/lib/thumb/v7e-m+fp/hard\libc_nano.a(libc_a-strlen.o)
 .ARM.exidx     0x0800aef4        0x0 C:/ST/STM32CubeIDE_1.17.0/STM32CubeIDE/plugins/com.st.stm32cube.ide.mcu.externaltools.gnu-tools-for-stm32.13.3.rel1.win32_1.0.0.202411081344/tools/bin/../lib/gcc/arm-none-eabi/13.3.1/thumb/v7e-m+fp/hard\libgcc.a(_udivmoddi4.o)
                                  0x8 (size before relaxing)
                0x0800aef4                        __exidx_end = .

.preinit_array  0x0800aef4        0x0
                0x0800aef4                        PROVIDE (__preinit_array_start = .)
 *(.preinit_array*)
                0x0800aef4                        PROVIDE (__preinit_array_end = .)

.init_array     0x0800aef4        0x4
                0x0800aef4                        PROVIDE (__init_array_start = .)
 *(SORT_BY_NAME(.init_array.*))
 *(.init_array*)
 .init_array    0x0800aef4        0x4 C:/ST/STM32CubeIDE_1.17.0/STM32CubeIDE/plugins/com.st.stm32cube.ide.mcu.externaltools.gnu-tools-for-stm32.13.3.rel1.win32_1.0.0.202411081344/tools/bin/../lib/gcc/arm-none-eabi/13.3.1/thumb/v7e-m+fp/hard/crtbegin.o
                0x0800aef8                        PROVIDE (__init_array_end = .)

.fini_array     0x0800aef8        0x4
                [!provide]                        PROVIDE (__fini_array_start = .)
 *(SORT_BY_NAME(.fini_array.*))
 *(.fini_array*)
 .fini_array    0x0800aef8        0x4 C:/ST/STM32CubeIDE_1.17.0/STM32CubeIDE/plugins/com.st.stm32cube.ide.mcu.externaltools.gnu-tools-for-stm32.13.3.rel1.win32_1.0.0.202411081344/tools/bin/../lib/gcc/arm-none-eabi/13.3.1/thumb/v7e-m+fp/hard/crtbegin.o
                [!provide]                        PROVIDE (__fini_array_end = .)
                0x0800aefc                        _sidata = LOADADDR (.data)

.rel.dyn        0x0800aefc        0x0
 .rel.iplt      0x0800aefc        0x0 C:/ST/STM32CubeIDE_1.17.0/STM32CubeIDE/plugins/com.st.stm32cube.ide.mcu.externaltools.gnu-tools-for-stm32.13.3.rel1.win32_1.0.0.202411081344/tools/bin/../lib/gcc/arm-none-eabi/13.3.1/thumb/v7e-m+fp/hard/crtbegin.o

.data           0x20000008       0x78 load address 0x0800aefc
                0x20000008                        . = ALIGN (0x4)
                0x20000008                        _sdata = .
 *(.data)
 *(.data*)
 .data.SystemCoreClock
                0x20000008        0x4 ./Core/Src/system_stm32wbxx.o
                0x20000008                SystemCoreClock
 .data.uwTickPrio
                0x2000000c        0x4 ./Drivers/STM32WBxx_HAL_Driver/Src/stm32wbxx_hal.o
                0x2000000c                uwTickPrio
 .data.uwTickFreq
                0x20000010        0x1 ./Drivers/STM32WBxx_HAL_Driver/Src/stm32wbxx_hal.o
                0x20000010                uwTickFreq
 *fill*         0x20000011        0x3 
 .data.a_AdvData
                0x20000014        0xe ./STM32_WPAN/App/app_ble.o
                0x20000014                a_AdvData
 .data.SizeCharwrite
                0x20000022        0x2 ./STM32_WPAN/App/custom_stm.o
                0x20000022                SizeCharwrite
 .data.SizeCharnotify
                0x20000024        0x2 ./STM32_WPAN/App/custom_stm.o
                0x20000024                SizeCharnotify
 *fill*         0x20000026        0x2 
 .data.TaskMask
                0x20000028        0x4 ./Utilities/sequencer/stm32_seq.o
 .data.SuperMask
                0x2000002c        0x4 ./Utilities/sequencer/stm32_seq.o
 .data._impure_ptr
                0x20000030        0x4 C:/ST/STM32CubeIDE_1.17.0/STM32CubeIDE/plugins/com.st.stm32cube.ide.mcu.externaltools.gnu-tools-for-stm32.13.3.rel1.win32_1.0.0.202411081344/tools/bin/../lib/gcc/arm-none-eabi/13.3.1/../../../../arm-none-eabi/lib/thumb/v7e-m+fp/hard\libc_nano.a(libc_a-impure.o)
                0x20000030                _impure_ptr
 .data._impure_data
                0x20000034       0x4c C:/ST/STM32CubeIDE_1.17.0/STM32CubeIDE/plugins/com.st.stm32cube.ide.mcu.externaltools.gnu-tools-for-stm32.13.3.rel1.win32_1.0.0.202411081344/tools/bin/../lib/gcc/arm-none-eabi/13.3.1/../../../../arm-none-eabi/lib/thumb/v7e-m+fp/hard\libc_nano.a(libc_a-impure.o)
                0x20000034                _impure_data
 *(.RamFunc)
 *(.RamFunc*)
                0x20000080                        . = ALIGN (0x4)
                0x20000080                        _edata = .

.igot.plt       0x20000080        0x0 load address 0x0800af74
 .igot.plt      0x20000080        0x0 C:/ST/STM32CubeIDE_1.17.0/STM32CubeIDE/plugins/com.st.stm32cube.ide.mcu.externaltools.gnu-tools-for-stm32.13.3.rel1.win32_1.0.0.202411081344/tools/bin/../lib/gcc/arm-none-eabi/13.3.1/thumb/v7e-m+fp/hard/crtbegin.o

BLE_DRIVER_CONTEXT
                0x20000080       0x35 load address 0x0800af74
 BLE_DRIVER_CONTEXT
                0x20000080       0x21 ./Middlewares/ST/STM32_WPAN/ble/svc/Src/svc_ctl.o
                0x20000080                SVCCTL_EvtHandler
                0x200000a0                SVCCTL_CltHandler
 *fill*         0x200000a1        0x3 
 BLE_DRIVER_CONTEXT
                0x200000a4       0x11 ./Middlewares/ST/STM32_WPAN/interface/patterns/ble_thread/tl/hci_tl.o
                0x200000b4                UserEventFlow

SYSTEM_DRIVER_CONTEXT
                0x200000b8       0x11 load address 0x0800afa9
 SYSTEM_DRIVER_CONTEXT
                0x200000b8       0x11 ./Middlewares/ST/STM32_WPAN/interface/patterns/ble_thread/tl/shci_tl.o
                0x200000c8                SHCI_TL_UserEventFlow
                0x200000cc                        . = ALIGN (0x4)

.bss            0x200000cc      0x750 load address 0x0800afba
                0x200000cc                        _sbss = .
                0x200000cc                        __bss_start__ = _sbss
 *(.bss)
 .bss           0x200000cc       0x1c C:/ST/STM32CubeIDE_1.17.0/STM32CubeIDE/plugins/com.st.stm32cube.ide.mcu.externaltools.gnu-tools-for-stm32.13.3.rel1.win32_1.0.0.202411081344/tools/bin/../lib/gcc/arm-none-eabi/13.3.1/thumb/v7e-m+fp/hard/crtbegin.o
 *(.bss*)
 .bss.aTimerContext
                0x200000e8       0x90 ./Core/Src/hw_timerserver.o
 .bss.CurrentRunningTimerID
                0x20000178        0x1 ./Core/Src/hw_timerserver.o
 .bss.PreviousRunningTimerID
                0x20000179        0x1 ./Core/Src/hw_timerserver.o
 *fill*         0x2000017a        0x2 
 .bss.SSRValueOnLastSetup
                0x2000017c        0x4 ./Core/Src/hw_timerserver.o
 .bss.WakeupTimerLimitation
                0x20000180        0x1 ./Core/Src/hw_timerserver.o
 .bss.WakeupTimerDivider
                0x20000181        0x1 ./Core/Src/hw_timerserver.o
 .bss.AsynchPrescalerUserConfig
                0x20000182        0x1 ./Core/Src/hw_timerserver.o
 *fill*         0x20000183        0x1 
 .bss.SynchPrescalerUserConfig
                0x20000184        0x2 ./Core/Src/hw_timerserver.o
 .bss.MaxWakeupTimerSetup
                0x20000186        0x2 ./Core/Src/hw_timerserver.o
 .bss.hipcc     0x20000188       0x3c ./Core/Src/main.o
                0x20000188                hipcc
 .bss.hlpuart1  0x200001c4       0x94 ./Core/Src/main.o
                0x200001c4                hlpuart1
 .bss.hrtc      0x20000258       0x24 ./Core/Src/main.o
                0x20000258                hrtc
 .bss.__sbrk_heap_end
                0x2000027c        0x4 ./Core/Src/sysmem.o
 .bss.uart_handler
                0x20000280        0x4 ./Core/Src/uart_handler.o
 .bss.tx_buffer
                0x20000284       0x40 ./Core/Src/uart_handler.o
 .bss.rx_buffer
                0x200002c4       0x40 ./Core/Src/uart_handler.o
 .bss.uwTick    0x20000304        0x4 ./Drivers/STM32WBxx_HAL_Driver/Src/stm32wbxx_hal.o
                0x20000304                uwTick
 .bss.hciContext
                0x20000308       0x20 ./Middlewares/ST/STM32_WPAN/interface/patterns/ble_thread/tl/hci_tl.o
 .bss.HciCmdEventQueue
                0x20000328        0x8 ./Middlewares/ST/STM32_WPAN/interface/patterns/ble_thread/tl/hci_tl.o
 .bss.StatusNotCallBackFunction
                0x20000330        0x4 ./Middlewares/ST/STM32_WPAN/interface/patterns/ble_thread/tl/hci_tl.o
 .bss.CmdRspStatusFlag
                0x20000334        0x1 ./Middlewares/ST/STM32_WPAN/interface/patterns/ble_thread/tl/hci_tl.o
 *fill*         0x20000335        0x3 
 .bss.shciContext
                0x20000338       0x20 ./Middlewares/ST/STM32_WPAN/interface/patterns/ble_thread/tl/shci_tl.o
 .bss.StatusNotCallBackFunction
                0x20000358        0x4 ./Middlewares/ST/STM32_WPAN/interface/patterns/ble_thread/tl/shci_tl.o
 .bss.CmdRspStatusFlag
                0x2000035c        0x1 ./Middlewares/ST/STM32_WPAN/interface/patterns/ble_thread/tl/shci_tl.o
 *fill*         0x2000035d        0x3 
 .bss.LocalFreeBufQueue
                0x20000360        0x8 ./Middlewares/ST/STM32_WPAN/interface/patterns/ble_thread/tl/tl_mbox.o
 .bss.BLE_IoBusEvtCallBackFunction
                0x20000368        0x4 ./Middlewares/ST/STM32_WPAN/interface/patterns/ble_thread/tl/tl_mbox.o
 .bss.BLE_IoBusAclDataTxAck
                0x2000036c        0x4 ./Middlewares/ST/STM32_WPAN/interface/patterns/ble_thread/tl/tl_mbox.o
 .bss.SYS_CMD_IoBusCallBackFunction
                0x20000370        0x4 ./Middlewares/ST/STM32_WPAN/interface/patterns/ble_thread/tl/tl_mbox.o
 .bss.SYS_EVT_IoBusCallBackFunction
                0x20000374        0x4 ./Middlewares/ST/STM32_WPAN/interface/patterns/ble_thread/tl/tl_mbox.o
 .bss.p_mem_manager_table.0
                0x20000378        0x4 ./Middlewares/ST/STM32_WPAN/interface/patterns/ble_thread/tl/tl_mbox.o
 .bss.a_BdAddrUdn
                0x2000037c        0x6 ./STM32_WPAN/App/app_ble.o
 *fill*         0x20000382        0x2 
 .bss.BleApplicationContext
                0x20000384       0x84 ./STM32_WPAN/App/app_ble.o
 .bss.HandleNotification
                0x20000408        0x4 ./STM32_WPAN/App/app_ble.o
                0x20000408                HandleNotification
 .bss.NotifyCharData
                0x2000040c      0x200 ./STM32_WPAN/App/custom_app.o
                0x2000040c                NotifyCharData
 .bss.Notify_Interface
                0x2000060c        0xc ./STM32_WPAN/App/custom_app.o
                0x2000060c                Notify_Interface
 .bss.CustomContext
                0x20000618        0x6 ./STM32_WPAN/App/custom_stm.o
 *fill*         0x2000061e        0x2 
 .bss.data_handler
                0x20000620        0x4 ./STM32_WPAN/App/data_handler.o
                0x20000620                data_handler
 .bss.data_handler_buffer
                0x20000624        0xa ./STM32_WPAN/App/data_handler.o
                0x20000624                data_handler_buffer
 *fill*         0x2000062e        0x2 
 .bss.FreeBufCb
                0x20000630        0x4 ./STM32_WPAN/Target/hw_ipcc.o
 .bss.StopModeDisable
                0x20000634        0x4 ./Utilities/lpm/tiny_lpm/stm32_lpm.o
 .bss.OffModeDisable
                0x20000638        0x4 ./Utilities/lpm/tiny_lpm/stm32_lpm.o
 .bss.TaskSet   0x2000063c        0x4 ./Utilities/sequencer/stm32_seq.o
 .bss.EvtSet    0x20000640        0x4 ./Utilities/sequencer/stm32_seq.o
 .bss.EvtWaited
                0x20000644        0x4 ./Utilities/sequencer/stm32_seq.o
 .bss.CurrentTaskIdx
                0x20000648        0x4 ./Utilities/sequencer/stm32_seq.o
 .bss.TaskCb    0x2000064c       0x80 ./Utilities/sequencer/stm32_seq.o
 .bss.TaskPrio  0x200006cc        0x8 ./Utilities/sequencer/stm32_seq.o
 .bss.__malloc_sbrk_start
                0x200006d4        0x4 C:/ST/STM32CubeIDE_1.17.0/STM32CubeIDE/plugins/com.st.stm32cube.ide.mcu.externaltools.gnu-tools-for-stm32.13.3.rel1.win32_1.0.0.202411081344/tools/bin/../lib/gcc/arm-none-eabi/13.3.1/../../../../arm-none-eabi/lib/thumb/v7e-m+fp/hard\libc_nano.a(libc_a-mallocr.o)
                0x200006d4                __malloc_sbrk_start
 .bss.__malloc_free_list
                0x200006d8        0x4 C:/ST/STM32CubeIDE_1.17.0/STM32CubeIDE/plugins/com.st.stm32cube.ide.mcu.externaltools.gnu-tools-for-stm32.13.3.rel1.win32_1.0.0.202411081344/tools/bin/../lib/gcc/arm-none-eabi/13.3.1/../../../../arm-none-eabi/lib/thumb/v7e-m+fp/hard\libc_nano.a(libc_a-mallocr.o)
                0x200006d8                __malloc_free_list
 .bss.__sf      0x200006dc      0x138 C:/ST/STM32CubeIDE_1.17.0/STM32CubeIDE/plugins/com.st.stm32cube.ide.mcu.externaltools.gnu-tools-for-stm32.13.3.rel1.win32_1.0.0.202411081344/tools/bin/../lib/gcc/arm-none-eabi/13.3.1/../../../../arm-none-eabi/lib/thumb/v7e-m+fp/hard\libc_nano.a(libc_a-findfp.o)
                0x200006dc                __sf
 .bss.errno     0x20000814        0x4 C:/ST/STM32CubeIDE_1.17.0/STM32CubeIDE/plugins/com.st.stm32cube.ide.mcu.externaltools.gnu-tools-for-stm32.13.3.rel1.win32_1.0.0.202411081344/tools/bin/../lib/gcc/arm-none-eabi/13.3.1/../../../../arm-none-eabi/lib/thumb/v7e-m+fp/hard\libc_nano.a(libc_a-reent.o)
                0x20000814                errno
 .bss.__lock___malloc_recursive_mutex
                0x20000818        0x1 C:/ST/STM32CubeIDE_1.17.0/STM32CubeIDE/plugins/com.st.stm32cube.ide.mcu.externaltools.gnu-tools-for-stm32.13.3.rel1.win32_1.0.0.202411081344/tools/bin/../lib/gcc/arm-none-eabi/13.3.1/../../../../arm-none-eabi/lib/thumb/v7e-m+fp/hard\libc_nano.a(libc_a-lock.o)
                0x20000818                __lock___malloc_recursive_mutex
 *(COMMON)
                0x2000081c                        . = ALIGN (0x4)
 *fill*         0x20000819        0x3 
                0x2000081c                        _ebss = .
                0x2000081c                        __bss_end__ = _ebss

._user_heap_stack
                0x2000081c      0x604 load address 0x0800afba
                0x20000820                        . = ALIGN (0x8)
 *fill*         0x2000081c        0x4 
                [!provide]                        PROVIDE (end = .)
                0x20000820                        PROVIDE (_end = .)
                0x20000a20                        . = (. + _Min_Heap_Size)
 *fill*         0x20000820      0x200 
                0x20000e20                        . = (. + _Min_Stack_Size)
 *fill*         0x20000a20      0x400 
                0x20000e20                        . = ALIGN (0x8)

/DISCARD/
 libc.a(*)
 libm.a(*)