../STM32_WPAN/App/data_handler.c:27:13:send_dummy_hr_spo2	40	static
../STM32_WPAN/App/data_handler.c:66:13:send_dummy_temp	48	static
../STM32_WPAN/App/data_handler.c:122:13:send_dummy_pressure	32	static
../STM32_WPAN/App/data_handler.c:158:13:send_dummy_all_data	40	static
../STM32_WPAN/App/data_handler.c:195:6:data_handler_req_hr_spo2	8	static
../STM32_WPAN/App/data_handler.c:205:6:data_handler_notify_hr_spo2	40	static
../STM32_WPAN/App/data_handler.c:240:6:data_handler_req_temp	16	static
../STM32_WPAN/App/data_handler.c:251:6:data_handler_notify_temp	40	static
../STM32_WPAN/App/data_handler.c:300:6:data_handler_req_pressure	8	static
../STM32_WPAN/App/data_handler.c:311:6:data_handler_notify_pressure	32	static
../STM32_WPAN/App/data_handler.c:345:6:data_handler_req_all_data	8	static
../STM32_WPAN/App/data_handler.c:359:6:data_handler_req_historical_data	24	static
../STM32_WPAN/App/data_handler.c:378:6:data_handler_req_set_unix_time	24	static
../STM32_WPAN/App/data_handler.c:389:6:data_handler_notify_unix_time	40	static
../STM32_WPAN/App/data_handler.c:424:6:data_handler_req_set_sensor_config	24	static
../STM32_WPAN/App/data_handler.c:433:6:data_handler_notify_set_sensor_config	40	static
../STM32_WPAN/App/data_handler.c:461:6:data_handler_req_start_stream	24	static
../STM32_WPAN/App/data_handler.c:472:6:data_handler_notify_start_stream	32	static
../STM32_WPAN/App/data_handler.c:493:6:data_handler_req_stop_stream	16	static
../STM32_WPAN/App/data_handler.c:502:6:data_handler_notify_stop_stream	32	static
../STM32_WPAN/App/data_handler.c:521:6:data_handler_Init	8	static
../STM32_WPAN/App/data_handler.c:530:6:data_handler_DeInit	8	static
../STM32_WPAN/App/data_handler.c:538:17:data_handler_get	4	static
