../Core/Src/uart_handler.c:27:6:HAL_UARTEx_RxEventCallback	16	static
../Core/Src/uart_handler.c:44:16:Calculate_CRC	24	static
../Core/Src/uart_handler.c:55:13:uart_handler_Process_Received_pck	24	static
../Core/Src/uart_handler.c:66:13:uart_handler_Send_Cmd	24	static
../Core/Src/uart_handler.c:86:6:uart_handler_Init	24	static
../Core/Src/uart_handler.c:111:6:uart_handler_DeInit	8	static
../Core/Src/uart_handler.c:121:6:uart_handler_Reset_State	8	static
../Core/Src/uart_handler.c:130:17:uart_handler_get	4	static
